Component: ARM Compiler 5.06 update 6 (build 750) Tool: armlink [4d35ed]

==============================================================================

Section Cross References

    startup_stm32g031xx.o(RESET) refers to startup_stm32g031xx.o(STACK) for __initial_sp
    startup_stm32g031xx.o(RESET) refers to startup_stm32g031xx.o(.text) for Reset_Handler
    startup_stm32g031xx.o(RESET) refers to stm32g0xx_it.o(i.NMI_Handler) for NMI_Handler
    startup_stm32g031xx.o(RESET) refers to stm32g0xx_it.o(i.HardFault_Handler) for HardFault_Handler
    startup_stm32g031xx.o(RESET) refers to stm32g0xx_it.o(i.SVC_Handler) for SVC_Handler
    startup_stm32g031xx.o(RESET) refers to stm32g0xx_it.o(i.PendSV_Handler) for PendSV_Handler
    startup_stm32g031xx.o(RESET) refers to stm32g0xx_it.o(i.SysTick_Handler) for SysTick_Handler
    startup_stm32g031xx.o(RESET) refers to superusart.o(i.DMA1_Channel1_IRQHandler) for DMA1_Channel1_IRQHandler
    startup_stm32g031xx.o(RESET) refers to superusart.o(i.DMA1_Channel2_3_IRQHandler) for DMA1_Channel2_3_IRQHandler
    startup_stm32g031xx.o(RESET) refers to superusart.o(i.DMA1_Ch4_5_DMAMUX1_OVR_IRQHandler) for DMA1_Ch4_5_DMAMUX1_OVR_IRQHandler
    startup_stm32g031xx.o(RESET) refers to supertimer.o(i.TIM14_IRQHandler) for TIM14_IRQHandler
    startup_stm32g031xx.o(RESET) refers to supertimer.o(i.TIM16_IRQHandler) for TIM16_IRQHandler
    startup_stm32g031xx.o(RESET) refers to supertimer.o(i.TIM17_IRQHandler) for TIM17_IRQHandler
    startup_stm32g031xx.o(RESET) refers to superusart.o(i.USART1_IRQHandler) for USART1_IRQHandler
    startup_stm32g031xx.o(RESET) refers to superusart.o(i.USART2_IRQHandler) for USART2_IRQHandler
    startup_stm32g031xx.o(.text) refers to system_stm32g0xx.o(i.SystemInit) for SystemInit
    startup_stm32g031xx.o(.text) refers to entry.o(.ARM.Collect$$$$00000000) for __main
    main.o(i.SystemClock_Config) refers to memseta.o(.text) for __aeabi_memclr4
    main.o(i.SystemClock_Config) refers to stm32g0xx_hal_pwr_ex.o(i.HAL_PWREx_ControlVoltageScaling) for HAL_PWREx_ControlVoltageScaling
    main.o(i.SystemClock_Config) refers to stm32g0xx_hal_rcc.o(i.HAL_RCC_OscConfig) for HAL_RCC_OscConfig
    main.o(i.SystemClock_Config) refers to stm32g0xx_hal_rcc.o(i.HAL_RCC_ClockConfig) for HAL_RCC_ClockConfig
    main.o(i.main) refers to stm32g0xx_hal.o(i.HAL_Init) for HAL_Init
    main.o(i.main) refers to main.o(i.SystemClock_Config) for SystemClock_Config
    main.o(i.main) refers to manager.o(i.Manager_Init) for Manager_Init
    main.o(i.main) refers to manager.o(i.Manager_Activate) for Manager_Activate
    main.o(i.main) refers to manager.o(i.Manager_Mainloop) for Manager_Mainloop
    stm32g0xx_it.o(i.SysTick_Handler) refers to stm32g0xx_hal.o(i.HAL_IncTick) for HAL_IncTick
    stm32g0xx_hal_iwdg.o(i.HAL_IWDG_Init) refers to stm32g0xx_hal.o(i.HAL_GetTick) for HAL_GetTick
    stm32g0xx_hal_rcc.o(i.HAL_RCC_ClockConfig) refers to stm32g0xx_hal.o(i.HAL_GetTick) for HAL_GetTick
    stm32g0xx_hal_rcc.o(i.HAL_RCC_ClockConfig) refers to stm32g0xx_hal_rcc.o(i.HAL_RCC_GetSysClockFreq) for HAL_RCC_GetSysClockFreq
    stm32g0xx_hal_rcc.o(i.HAL_RCC_ClockConfig) refers to stm32g0xx_hal.o(i.HAL_InitTick) for HAL_InitTick
    stm32g0xx_hal_rcc.o(i.HAL_RCC_ClockConfig) refers to system_stm32g0xx.o(.constdata) for AHBPrescTable
    stm32g0xx_hal_rcc.o(i.HAL_RCC_ClockConfig) refers to system_stm32g0xx.o(.data) for SystemCoreClock
    stm32g0xx_hal_rcc.o(i.HAL_RCC_ClockConfig) refers to stm32g0xx_hal.o(.data) for uwTickPrio
    stm32g0xx_hal_rcc.o(i.HAL_RCC_DeInit) refers to stm32g0xx_hal.o(i.HAL_GetTick) for HAL_GetTick
    stm32g0xx_hal_rcc.o(i.HAL_RCC_DeInit) refers to stm32g0xx_hal.o(i.HAL_InitTick) for HAL_InitTick
    stm32g0xx_hal_rcc.o(i.HAL_RCC_DeInit) refers to system_stm32g0xx.o(.data) for SystemCoreClock
    stm32g0xx_hal_rcc.o(i.HAL_RCC_DeInit) refers to stm32g0xx_hal.o(.data) for uwTickPrio
    stm32g0xx_hal_rcc.o(i.HAL_RCC_GetHCLKFreq) refers to system_stm32g0xx.o(.data) for SystemCoreClock
    stm32g0xx_hal_rcc.o(i.HAL_RCC_GetPCLK1Freq) refers to system_stm32g0xx.o(.data) for SystemCoreClock
    stm32g0xx_hal_rcc.o(i.HAL_RCC_GetPCLK1Freq) refers to system_stm32g0xx.o(.constdata) for APBPrescTable
    stm32g0xx_hal_rcc.o(i.HAL_RCC_GetSysClockFreq) refers to uidiv.o(.text) for __aeabi_uidivmod
    stm32g0xx_hal_rcc.o(i.HAL_RCC_MCOConfig) refers to stm32g0xx_hal_gpio.o(i.HAL_GPIO_Init) for HAL_GPIO_Init
    stm32g0xx_hal_rcc.o(i.HAL_RCC_NMI_IRQHandler) refers to stm32g0xx_hal_rcc.o(i.HAL_RCC_CSSCallback) for HAL_RCC_CSSCallback
    stm32g0xx_hal_rcc.o(i.HAL_RCC_NMI_IRQHandler) refers to stm32g0xx_hal_rcc.o(i.HAL_RCC_LSECSSCallback) for HAL_RCC_LSECSSCallback
    stm32g0xx_hal_rcc.o(i.HAL_RCC_OscConfig) refers to stm32g0xx_hal.o(i.HAL_GetTick) for HAL_GetTick
    stm32g0xx_hal_rcc.o(i.HAL_RCC_OscConfig) refers to uidiv.o(.text) for __aeabi_uidivmod
    stm32g0xx_hal_rcc.o(i.HAL_RCC_OscConfig) refers to stm32g0xx_hal.o(i.HAL_InitTick) for HAL_InitTick
[...]
    ..\Peripheral\LCD\board_ht1621.c         0x00000000   Number         0  board_ht1621.o ABSOLUTE
    ..\Peripheral\Timer\SuperTimer.c         0x00000000   Number         0  supertimer.o ABSOLUTE
    ..\Peripheral\USART\SuperUsart.c         0x00000000   Number         0  superusart.o ABSOLUTE
    ..\\Application\\Manager\\Manager.c      0x00000000   Number         0  manager.o ABSOLUTE
    ..\\Application\\Manager\\Manager_GPIO.c 0x00000000   Number         0  manager_gpio.o ABSOLUTE
    ..\\Application\\Manager\\Manager_Sharing.c 0x00000000   Number         0  manager_sharing.o ABSOLUTE
    ..\\Application\\Manager\\Manager_Timer.c 0x00000000   Number         0  manager_timer.o ABSOLUTE
    ..\\Application\\Manager\\Manager_Usart.c 0x00000000   Number         0  manager_usart.o ABSOLUTE
    ..\\Application\\Manager\\Mangager_LCD.c 0x00000000   Number         0  mangager_lcd.o ABSOLUTE
    ..\\Peripheral\\CRC16\\crc.c             0x00000000   Number         0  crc.o ABSOLUTE
    ..\\Peripheral\\GPIO\\SuperGpio.c        0x00000000   Number         0  supergpio.o ABSOLUTE
    ..\\Peripheral\\IWDG\\bsp_IWDG.c         0x00000000   Number         0  bsp_iwdg.o ABSOLUTE
    ..\\Peripheral\\LCD\\board_ht1621.c      0x00000000   Number         0  board_ht1621.o ABSOLUTE
    ..\\Peripheral\\Timer\\SuperTimer.c      0x00000000   Number         0  supertimer.o ABSOLUTE
    ..\\Peripheral\\USART\\SuperUsart.c      0x00000000   Number         0  superusart.o ABSOLUTE
    cdrcmple.s                               0x00000000   Number         0  cdrcmple.o ABSOLUTE
    dc.s                                     0x00000000   Number         0  dc.o ABSOLUTE
    handlers.s                               0x00000000   Number         0  handlers.o ABSOLUTE
    init.s                                   0x00000000   Number         0  init.o ABSOLUTE
    startup_stm32g031xx.s                    0x00000000   Number         0  startup_stm32g031xx.o ABSOLUTE
    RESET                                    0x08000000   Section      192  startup_stm32g031xx.o(RESET)
    .ARM.Collect$$$$00000000                 0x080000c0   Section        0  entry.o(.ARM.Collect$$$$00000000)
    .ARM.Collect$$$$00000001                 0x080000c0   Section        4  entry2.o(.ARM.Collect$$$$00000001)
    .ARM.Collect$$$$00000004                 0x080000c4   Section        4  entry5.o(.ARM.Collect$$$$00000004)
    .ARM.Collect$$$$00000008                 0x080000c8   Section        0  entry7b.o(.ARM.Collect$$$$00000008)
    .ARM.Collect$$$$0000000A                 0x080000c8   Section        0  entry8b.o(.ARM.Collect$$$$0000000A)
    .ARM.Collect$$$$0000000B                 0x080000c8   Section        8  entry9a.o(.ARM.Collect$$$$0000000B)
    .ARM.Collect$$$$0000000D                 0x080000d0   Section        0  entry10a.o(.ARM.Collect$$$$0000000D)
    .ARM.Collect$$$$0000000F                 0x080000d0   Section        0  entry11a.o(.ARM.Collect$$$$0000000F)
    .ARM.Collect$$$$00002712                 0x080000d0   Section        4  entry2.o(.ARM.Collect$$$$00002712)
    __lit__00000000                          0x080000d0   Data           4  entry2.o(.ARM.Collect$$$$00002712)
    .text                                    0x080000d4   Section       28  startup_stm32g031xx.o(.text)
    .text                                    0x080000f0   Section        0  uidiv.o(.text)
    .text                                    0x0800011c   Section        0  uldiv.o(.text)
    .text                                    0x0800017c   Section        0  memcpya.o(.text)
    .text                                    0x080001a0   Section        0  memseta.o(.text)
    .text                                    0x080001c4   Section        0  llshl.o(.text)
    .text                                    0x080001e4   Section        0  llushr.o(.text)
    .text                                    0x08000208   Section       36  init.o(.text)
    i.AppDataHandle                          0x0800022c   Section        0  manager_usart.o(i.AppDataHandle)
    i.BSP_Timer_FlickerCallBack              0x08000260   Section        0  supertimer.o(i.BSP_Timer_FlickerCallBack)
    i.BSP_Timer_Init                         0x0800026c   Section        0  supertimer.o(i.BSP_Timer_Init)
    i.BSP_Timer_SendCallBack                 0x08000290   Section        0  supertimer.o(i.BSP_Timer_SendCallBack)
    i.BSP_Timer_SetCallback_Hearbeat         0x0800029c   Section        0  supertimer.o(i.BSP_Timer_SetCallback_Hearbeat)
    i.BSP_UART_DataSize                      0x080002a8   Section        0  superusart.o(i.BSP_UART_DataSize)
    i.BSP_UART_GetData                       0x080002c4   Section        0  superusart.o(i.BSP_UART_GetData)
    i.BSP_UART_Init                          0x08000334   Section        0  superusart.o(i.BSP_UART_Init)
    i.BSP_UART_SendData                      0x08000350   Section        0  superusart.o(i.BSP_UART_SendData)
    i.Battery_Dispose                        0x080003c4   Section        0  mangager_lcd.o(i.Battery_Dispose)
    i.Charge_Dispose                         0x08000414   Section        0  mangager_lcd.o(i.Charge_Dispose)
    i.Circulation_ErrorFlickerMode_1         0x0800048c   Section        0  mangager_lcd.o(i.Circulation_ErrorFlickerMode_1)
    i.Circulation_ErrorFlickerMode_2         0x0800071c   Section        0  mangager_lcd.o(i.Circulation_ErrorFlickerMode_2)
    i.Circulation_Marquee_1                  0x08000a1c   Section        0  mangager_lcd.o(i.Circulation_Marquee_1)
    i.Circulation_Marquee_3                  0x08000e18   Section        0  mangager_lcd.o(i.Circulation_Marquee_3)
    i.Count_Bits                             0x080014e0   Section        0  manager_sharing.o(i.Count_Bits)
    i.DMA1_Ch4_5_DMAMUX1_OVR_IRQHandler      0x080014f8   Section        0  superusart.o(i.DMA1_Ch4_5_DMAMUX1_OVR_IRQHandler)
    i.DMA1_Channel1_IRQHandler               0x08001508   Section        0  superusart.o(i.DMA1_Channel1_IRQHandler)
    i.DMA1_Channel2_3_IRQHandler             0x08001518   Section        0  superusart.o(i.DMA1_Channel2_3_IRQHandler)
    i.DMA_CalcDMAMUXChannelBaseAndMask       0x08001530   Section        0  stm32g0xx_hal_dma.o(i.DMA_CalcDMAMUXChannelBaseAndMask)
    DMA_CalcDMAMUXChannelBaseAndMask         0x08001531   Thumb Code    44  stm32g0xx_hal_dma.o(i.DMA_CalcDMAMUXChannelBaseAndMask)
    i.DMA_CalcDMAMUXRequestGenBaseAndMask    0x08001560   Section        0  stm32g0xx_hal_dma.o(i.DMA_CalcDMAMUXRequestGenBaseAndMask)
    DMA_CalcDMAMUXRequestGenBaseAndMask      0x08001561   Thumb Code    34  stm32g0xx_hal_dma.o(i.DMA_CalcDMAMUXRequestGenBaseAndMask)
    i.DMA_SetConfig                          0x08001588   Section        0  stm32g0xx_hal_dma.o(i.DMA_SetConfig)
    DMA_SetConfig                            0x08001589   Thumb Code    66  stm32g0xx_hal_dma.o(i.DMA_SetConfig)
    i.Deal_Battery_Power_Show_1              0x080015d0   Section        0  mangager_lcd.o(i.Deal_Battery_Power_Show_1)
    i.Deal_Battery_Power_Show_3              0x08001718   Section        0  mangager_lcd.o(i.Deal_Battery_Power_Show_3)
    i.Deal_ReadDataDispose1                  0x08001870   Section        0  manager_sharing.o(i.Deal_ReadDataDispose1)
    i.Deal_ReadDataDispose2                  0x08001894   Section        0  manager_sharing.o(i.Deal_ReadDataDispose2)
    i.Deal_ReadDataDispose3                  0x080018b8   Section        0  manager_sharing.o(i.Deal_ReadDataDispose3)
    i.Deal_SelectDispose                     0x080018f0   Section        0  manager_usart.o(i.Deal_SelectDispose)
    i.Deal_WriteDataDispose                  0x08001974   Section        0  manager_sharing.o(i.Deal_WriteDataDispose)
    i.DisSta_Conrtol_1                       0x08001998   Section        0  mangager_lcd.o(i.DisSta_Conrtol_1)
    i.DisSta_Conrtol_3                       0x080033c0   Section        0  mangager_lcd.o(i.DisSta_Conrtol_3)
    i.Discharge_Marquee_1                    0x08003974   Section        0  mangager_lcd.o(i.Discharge_Marquee_1)
    i.Discharge_Marquee_3                    0x08003baa   Section        0  mangager_lcd.o(i.Discharge_Marquee_3)
    i.Display_Frame                          0x08003da0   Section        0  mangager_lcd.o(i.Display_Frame)
    i.Error_Code_Display                     0x08003e7c   Section        0  mangager_lcd.o(i.Error_Code_Display)
    i.Error_Handler                          0x08003ea8   Section        0  main.o(i.Error_Handler)
    i.FeedDog                                0x08003eac   Section        0  bsp_iwdg.o(i.FeedDog)
    i.HAL_DMA_Abort                          0x08003ebc   Section        0  stm32g0xx_hal_dma.o(i.HAL_DMA_Abort)
    i.HAL_DMA_Abort_IT                       0x08003f30   Section        0  stm32g0xx_hal_dma.o(i.HAL_DMA_Abort_IT)
    i.HAL_DMA_GetError                       0x08003fac   Section        0  stm32g0xx_hal_dma.o(i.HAL_DMA_GetError)
    i.HAL_DMA_IRQHandler                     0x08003fb0   Section        0  stm32g0xx_hal_dma.o(i.HAL_DMA_IRQHandler)
    i.HAL_DMA_Init                           0x08004068   Section        0  stm32g0xx_hal_dma.o(i.HAL_DMA_Init)
    i.HAL_DMA_Start_IT                       0x0800410c   Section        0  stm32g0xx_hal_dma.o(i.HAL_DMA_Start_IT)
    i.HAL_Delay                              0x08004198   Section        0  stm32g0xx_hal.o(i.HAL_Delay)
    i.HAL_GPIO_Init                          0x080041bc   Section        0  stm32g0xx_hal_gpio.o(i.HAL_GPIO_Init)
    i.HAL_GPIO_WritePin                      0x08004318   Section        0  stm32g0xx_hal_gpio.o(i.HAL_GPIO_WritePin)
    i.HAL_GetTick                            0x08004324   Section        0  stm32g0xx_hal.o(i.HAL_GetTick)
    i.HAL_IWDG_Init                          0x08004330   Section        0  stm32g0xx_hal_iwdg.o(i.HAL_IWDG_Init)
    i.HAL_IWDG_Refresh                       0x0800439c   Section        0  stm32g0xx_hal_iwdg.o(i.HAL_IWDG_Refresh)
    i.HAL_IncTick                            0x080043ac   Section        0  stm32g0xx_hal.o(i.HAL_IncTick)
    i.HAL_Init                               0x080043bc   Section        0  stm32g0xx_hal.o(i.HAL_Init)
    i.HAL_InitTick                           0x080043e4   Section        0  stm32g0xx_hal.o(i.HAL_InitTick)
    i.HAL_MspInit                            0x0800442c   Section        0  stm32g0xx_hal_msp.o(i.HAL_MspInit)
    i.HAL_NVIC_EnableIRQ                     0x08004458   Section        0  stm32g0xx_hal_cortex.o(i.HAL_NVIC_EnableIRQ)
    i.HAL_NVIC_SetPriority                   0x08004470   Section        0  stm32g0xx_hal_cortex.o(i.HAL_NVIC_SetPriority)
    i.HAL_PWREx_ControlVoltageScaling        0x08004478   Section        0  stm32g0xx_hal_pwr_ex.o(i.HAL_PWREx_ControlVoltageScaling)
    i.HAL_RCCEx_PeriphCLKConfig              0x080044c4   Section        0  stm32g0xx_hal_rcc_ex.o(i.HAL_RCCEx_PeriphCLKConfig)
    i.HAL_RCC_ClockConfig                    0x08004674   Section        0  stm32g0xx_hal_rcc.o(i.HAL_RCC_ClockConfig)
    i.HAL_RCC_GetPCLK1Freq                   0x080047cc   Section        0  stm32g0xx_hal_rcc.o(i.HAL_RCC_GetPCLK1Freq)
    i.HAL_RCC_GetSysClockFreq                0x080047f4   Section        0  stm32g0xx_hal_rcc.o(i.HAL_RCC_GetSysClockFreq)
    i.HAL_RCC_OscConfig                      0x08004880   Section        0  stm32g0xx_hal_rcc.o(i.HAL_RCC_OscConfig)
    i.HAL_SYSTICK_Config                     0x08004c68   Section        0  stm32g0xx_hal_cortex.o(i.HAL_SYSTICK_Config)
    i.HAL_TIMEx_Break2Callback               0x08004c98   Section        0  stm32g0xx_hal_tim_ex.o(i.HAL_TIMEx_Break2Callback)
    i.HAL_TIMEx_BreakCallback                0x08004c9a   Section        0  stm32g0xx_hal_tim_ex.o(i.HAL_TIMEx_BreakCallback)
    i.HAL_TIMEx_CommutCallback               0x08004c9c   Section        0  stm32g0xx_hal_tim_ex.o(i.HAL_TIMEx_CommutCallback)
    i.HAL_TIM_Base_Init                      0x08004c9e   Section        0  stm32g0xx_hal_tim.o(i.HAL_TIM_Base_Init)
    i.HAL_TIM_Base_MspInit                   0x08004cea   Section        0  stm32g0xx_hal_tim.o(i.HAL_TIM_Base_MspInit)
    i.HAL_TIM_Base_Start                     0x08004cec   Section        0  stm32g0xx_hal_tim.o(i.HAL_TIM_Base_Start)
    i.HAL_TIM_Base_Start_IT                  0x08004d3c   Section        0  stm32g0xx_hal_tim.o(i.HAL_TIM_Base_Start_IT)
    i.HAL_TIM_IC_CaptureCallback             0x08004d94   Section        0  stm32g0xx_hal_tim.o(i.HAL_TIM_IC_CaptureCallback)
    i.HAL_TIM_IRQHandler                     0x08004d98   Section        0  stm32g0xx_hal_tim.o(i.HAL_TIM_IRQHandler)
    i.HAL_TIM_OC_DelayElapsedCallback        0x08004f1c   Section        0  stm32g0xx_hal_tim.o(i.HAL_TIM_OC_DelayElapsedCallback)
    i.HAL_TIM_PWM_PulseFinishedCallback      0x08004f1e   Section        0  stm32g0xx_hal_tim.o(i.HAL_TIM_PWM_PulseFinishedCallback)
    i.HAL_TIM_PeriodElapsedCallback          0x08004f20   Section        0  supertimer.o(i.HAL_TIM_PeriodElapsedCallback)
    i.HAL_TIM_TriggerCallback                0x08004f5c   Section        0  stm32g0xx_hal_tim.o(i.HAL_TIM_TriggerCallback)
    i.HAL_UARTEx_DisableFifoMode             0x08004f5e   Section        0  stm32g0xx_hal_uart_ex.o(i.HAL_UARTEx_DisableFifoMode)
    i.HAL_UARTEx_ReceiveToIdle_DMA           0x08004f9a   Section        0  stm32g0xx_hal_uart_ex.o(i.HAL_UARTEx_ReceiveToIdle_DMA)
    i.HAL_UARTEx_RxEventCallback             0x0800500c   Section        0  superusart.o(i.HAL_UARTEx_RxEventCallback)
    i.HAL_UARTEx_RxFifoFullCallback          0x08005070   Section        0  stm32g0xx_hal_uart_ex.o(i.HAL_UARTEx_RxFifoFullCallback)
    i.HAL_UARTEx_SetRxFifoThreshold          0x08005072   Section        0  stm32g0xx_hal_uart_ex.o(i.HAL_UARTEx_SetRxFifoThreshold)
    i.HAL_UARTEx_SetTxFifoThreshold          0x080050ba   Section        0  stm32g0xx_hal_uart_ex.o(i.HAL_UARTEx_SetTxFifoThreshold)
    i.HAL_UARTEx_TxFifoEmptyCallback         0x08005100   Section        0  stm32g0xx_hal_uart_ex.o(i.HAL_UARTEx_TxFifoEmptyCallback)
    i.HAL_UARTEx_WakeupCallback              0x08005102   Section        0  stm32g0xx_hal_uart_ex.o(i.HAL_UARTEx_WakeupCallback)
    i.HAL_UART_DMAStop                       0x08005104   Section        0  stm32g0xx_hal_uart.o(i.HAL_UART_DMAStop)
    i.HAL_UART_ErrorCallback                 0x080051a0   Section        0  superusart.o(i.HAL_UART_ErrorCallback)
    i.HAL_UART_IRQHandler                    0x080051d0   Section        0  stm32g0xx_hal_uart.o(i.HAL_UART_IRQHandler)
    i.HAL_UART_Init                          0x080054b8   Section        0  stm32g0xx_hal_uart.o(i.HAL_UART_Init)
    i.HAL_UART_MspInit                       0x08005524   Section        0  stm32g0xx_hal_uart.o(i.HAL_UART_MspInit)
    i.HAL_UART_RxCpltCallback                0x08005526   Section        0  stm32g0xx_hal_uart.o(i.HAL_UART_RxCpltCallback)
    i.HAL_UART_RxHalfCpltCallback            0x08005528   Section        0  stm32g0xx_hal_uart.o(i.HAL_UART_RxHalfCpltCallback)
    i.HAL_UART_Transmit                      0x0800552a   Section        0  stm32g0xx_hal_uart.o(i.HAL_UART_Transmit)
    i.HAL_UART_TxCpltCallback                0x08005602   Section        0  stm32g0xx_hal_uart.o(i.HAL_UART_TxCpltCallback)
    i.HT1621_Init                            0x08005604   Section        0  board_ht1621.o(i.HT1621_Init)
    i.HT1621_Init2                           0x08005658   Section        0  board_ht1621.o(i.HT1621_Init2)
    i.HT1621_WriteCommand                    0x080056ac   Section        0  board_ht1621.o(i.HT1621_WriteCommand)
    i.HT1621_WriteCommand2                   0x080057dc   Section        0  board_ht1621.o(i.HT1621_WriteCommand2)
    i.HT1621_WriteData8Bit                   0x08005914   Section        0  board_ht1621.o(i.HT1621_WriteData8Bit)
    i.HT1621_WriteData8Bit2                  0x08005a60   Section        0  board_ht1621.o(i.HT1621_WriteData8Bit2)
    i.HardFault_Handler                      0x08005bb0   Section        0  stm32g0xx_it.o(i.HardFault_Handler)
    i.ID_Code_Display                        0x08005bb4   Section        0  mangager_lcd.o(i.ID_Code_Display)
    i.IWDG_Init                              0x08005be0   Section        0  bsp_iwdg.o(i.IWDG_Init)
    i.Init_Interface                         0x08005c10   Section        0  mangager_lcd.o(i.Init_Interface)
    i.Input_Power                            0x08005c30   Section        0  mangager_lcd.o(i.Input_Power)
    i.LightenLCD_Init                        0x08005ce8   Section        0  mangager_lcd.o(i.LightenLCD_Init)
    i.Manager_Activate                       0x08005da0   Section        0  manager.o(i.Manager_Activate)
    i.Manager_GPIO_Init                      0x08005db0   Section        0  manager_gpio.o(i.Manager_GPIO_Init)
    i.Manager_GPIO_Mainloop                  0x08005de0   Section        0  manager_gpio.o(i.Manager_GPIO_Mainloop)
    i.Manager_GPIO_ledlogie                  0x08005de8   Section        0  manager_gpio.o(i.Manager_GPIO_ledlogie)
    i.Manager_Init                           0x08005e24   Section        0  manager.o(i.Manager_Init)
    i.Manager_LCD_Init                       0x08005e6c   Section        0  mangager_lcd.o(i.Manager_LCD_Init)
    i.Manager_LCD_Mainloop                   0x08005e80   Section        0  mangager_lcd.o(i.Manager_LCD_Mainloop)
    i.Manager_Mainloop                       0x08005e88   Section        0  manager.o(i.Manager_Mainloop)
    i.Manager_Sharing_Activate               0x08005e9c   Section        0  manager_sharing.o(i.Manager_Sharing_Activate)
    i.Manager_Sharing_Init                   0x08005ea0   Section        0  manager_sharing.o(i.Manager_Sharing_Init)
    i.Manager_Sharing_Mainloop               0x08005eb0   Section        0  manager_sharing.o(i.Manager_Sharing_Mainloop)
    i.Manager_Timer_Activate                 0x08005eb8   Section        0  manager_timer.o(i.Manager_Timer_Activate)
    i.Manager_Timer_Init                     0x08005edc   Section        0  manager_timer.o(i.Manager_Timer_Init)
    i.Manager_Usart_Activate                 0x08005ee4   Section        0  manager_usart.o(i.Manager_Usart_Activate)
    i.Manager_Usart_Init                     0x08005ee6   Section        0  manager_usart.o(i.Manager_Usart_Init)
    i.Manager_Usart_Mainloop                 0x08005f00   Section        0  manager_usart.o(i.Manager_Usart_Mainloop)
    i.MarBrControl_1                         0x08005fe4   Section        0  mangager_lcd.o(i.MarBrControl_1)
    i.MarBrControl_2                         0x08006360   Section        0  mangager_lcd.o(i.MarBrControl_2)
    i.NMI_Handler                            0x080066f8   Section        0  stm32g0xx_it.o(i.NMI_Handler)
    i.NoFault_Display                        0x080066fa   Section        0  mangager_lcd.o(i.NoFault_Display)
    i.Output_Power                           0x08006710   Section        0  mangager_lcd.o(i.Output_Power)
    i.Pack_DealGetData1_Format               0x080067c8   Section        0  manager_usart.o(i.Pack_DealGetData1_Format)
    i.Pack_DealGetData2_Format               0x08006800   Section        0  manager_usart.o(i.Pack_DealGetData2_Format)
    i.Pack_DealGetData3_Format               0x08006878   Section        0  manager_usart.o(i.Pack_DealGetData3_Format)
    i.Pack_DealSendData1_Format              0x080068bc   Section        0  manager_usart.o(i.Pack_DealSendData1_Format)
    i.Pack_DealSendData2_Format              0x080068f0   Section        0  manager_usart.o(i.Pack_DealSendData2_Format)
    i.Pack_DealSendData3_Format              0x08006918   Section        0  manager_usart.o(i.Pack_DealSendData3_Format)
    i.PendSV_Handler                         0x08006944   Section        0  stm32g0xx_it.o(i.PendSV_Handler)
    i.Read_WordManage                        0x08006946   Section        0  manager_sharing.o(i.Read_WordManage)
    i.SVC_Handler                            0x08006956   Section        0  stm32g0xx_it.o(i.SVC_Handler)
    i.SuperGpio_Init                         0x08006958   Section        0  supergpio.o(i.SuperGpio_Init)
    i.SuperGpio_WriteOutput                  0x08006964   Section        0  supergpio.o(i.SuperGpio_WriteOutput)
    i.SysTick_Handler                        0x080069a4   Section        0  stm32g0xx_it.o(i.SysTick_Handler)
    i.SystemClock_Config                     0x080069ac   Section        0  main.o(i.SystemClock_Config)
    i.SystemInit                             0x08006a22   Section        0  system_stm32g0xx.o(i.SystemInit)
    i.TIM14_IRQHandler                       0x08006a24   Section        0  supertimer.o(i.TIM14_IRQHandler)
    i.TIM14_Init                             0x08006a34   Section        0  supertimer.o(i.TIM14_Init)
    i.TIM16_IRQHandler                       0x08006a94   Section        0  supertimer.o(i.TIM16_IRQHandler)
    i.TIM16_Init                             0x08006aa4   Section        0  supertimer.o(i.TIM16_Init)
    i.TIM17_IRQHandler                       0x08006afc   Section        0  supertimer.o(i.TIM17_IRQHandler)
    i.TIM17_Init                             0x08006b0c   Section        0  supertimer.o(i.TIM17_Init)
    i.TIM_Base_SetConfig                     0x08006b68   Section        0  stm32g0xx_hal_tim.o(i.TIM_Base_SetConfig)
    i.Timer_100us_CallBack                   0x08006bec   Section        0  manager_timer.o(i.Timer_100us_CallBack)
    i.Timer_Send_Callback                    0x08006c20   Section        0  manager_timer.o(i.Timer_Send_Callback)
    i.Timer_free_Callback                    0x08006c9c   Section        0  manager_timer.o(i.Timer_free_Callback)
    i.UART1_init                             0x08006cf4   Section        0  superusart.o(i.UART1_init)
    i.UART2_init                             0x08006eac   Section        0  superusart.o(i.UART2_init)
    i.UARTEx_SetNbDataToProcess              0x0800701c   Section        0  stm32g0xx_hal_uart_ex.o(i.UARTEx_SetNbDataToProcess)
    UARTEx_SetNbDataToProcess                0x0800701d   Thumb Code    62  stm32g0xx_hal_uart_ex.o(i.UARTEx_SetNbDataToProcess)
    i.UART_AdvFeatureConfig                  0x08007060   Section        0  stm32g0xx_hal_uart.o(i.UART_AdvFeatureConfig)
    i.UART_CheckIdleState                    0x0800712c   Section        0  stm32g0xx_hal_uart.o(i.UART_CheckIdleState)
    i.UART_DMAAbortOnError                   0x08007190   Section        0  stm32g0xx_hal_uart.o(i.UART_DMAAbortOnError)
    UART_DMAAbortOnError                     0x08007191   Thumb Code    20  stm32g0xx_hal_uart.o(i.UART_DMAAbortOnError)
    i.UART_DMAError                          0x080071a4   Section        0  stm32g0xx_hal_uart.o(i.UART_DMAError)
    UART_DMAError                            0x080071a5   Thumb Code    78  stm32g0xx_hal_uart.o(i.UART_DMAError)
    i.UART_DMAReceiveCplt                    0x080071f2   Section        0  stm32g0xx_hal_uart.o(i.UART_DMAReceiveCplt)
    UART_DMAReceiveCplt                      0x080071f3   Thumb Code   152  stm32g0xx_hal_uart.o(i.UART_DMAReceiveCplt)
    i.UART_DMARxHalfCplt                     0x0800728a   Section        0  stm32g0xx_hal_uart.o(i.UART_DMARxHalfCplt)
    UART_DMARxHalfCplt                       0x0800728b   Thumb Code    28  stm32g0xx_hal_uart.o(i.UART_DMARxHalfCplt)
    i.UART_DMA_Rx_Cfg                        0x080072a8   Section        0  superusart.o(i.UART_DMA_Rx_Cfg)
    i.UART_EndRxTransfer                     0x0800731c   Section        0  stm32g0xx_hal_uart.o(i.UART_EndRxTransfer)
    UART_EndRxTransfer                       0x0800731d   Thumb Code    96  stm32g0xx_hal_uart.o(i.UART_EndRxTransfer)
    i.UART_EndTxTransfer                     0x08007380   Section        0  stm32g0xx_hal_uart.o(i.UART_EndTxTransfer)
    UART_EndTxTransfer                       0x08007381   Thumb Code    60  stm32g0xx_hal_uart.o(i.UART_EndTxTransfer)
    i.UART_SetConfig                         0x080073bc   Section        0  stm32g0xx_hal_uart.o(i.UART_SetConfig)
    i.UART_Start_Receive_DMA                 0x080075c8   Section        0  stm32g0xx_hal_uart.o(i.UART_Start_Receive_DMA)
    i.UART_WaitOnFlagUntilTimeout            0x08007678   Section        0  stm32g0xx_hal_uart.o(i.UART_WaitOnFlagUntilTimeout)
    i.USART1_IRQHandler                      0x0800774c   Section        0  superusart.o(i.USART1_IRQHandler)
    i.USART2_IRQHandler                      0x0800775c   Section        0  superusart.o(i.USART2_IRQHandler)
    i.__0printf$bare                         0x0800776c   Section        0  printfb.o(i.__0printf$bare)
    i.__NVIC_SetPriority                     0x08007780   Section        0  stm32g0xx_hal_cortex.o(i.__NVIC_SetPriority)
    __NVIC_SetPriority                       0x08007781   Thumb Code    60  stm32g0xx_hal_cortex.o(i.__NVIC_SetPriority)
    i.__scatterload_copy                     0x080077c4   Section       14  handlers.o(i.__scatterload_copy)
    i.__scatterload_null                     0x080077d2   Section        2  handlers.o(i.__scatterload_null)
    i.__scatterload_zeroinit                 0x080077d4   Section       14  handlers.o(i.__scatterload_zeroinit)
    i._printf_core                           0x080077e2   Section        0  printfb.o(i._printf_core)
    _printf_core                             0x080077e3   Thumb Code    30  printfb.o(i._printf_core)
    i.delay_time                             0x08007800   Section        0  board_ht1621.o(i.delay_time)
    i.fputc                                  0x0800781c   Section        0  superusart.o(i.fputc)
    i.gpioConfig                             0x08007834   Section        0  board_ht1621.o(i.gpioConfig)
    gpioConfig                               0x08007835   Thumb Code   156  board_ht1621.o(i.gpioConfig)
    i.main                                   0x080078d8   Section        0  main.o(i.main)
    i.sg_Gpio_CLK_ENABLE                     0x080078f0   Section        0  supergpio.o(i.sg_Gpio_CLK_ENABLE)
    i.sg_Input_Init                          0x0800793c   Section        0  supergpio.o(i.sg_Input_Init)
    i.sg_Output_Init                         0x08007984   Section        0  supergpio.o(i.sg_Output_Init)
    i.usMBCRC16                              0x080079dc   Section        0  crc.o(i.usMBCRC16)
    .constdata                               0x08007a0c   Section       24  stm32g0xx_hal_uart.o(.constdata)
    .constdata                               0x08007a24   Section       16  stm32g0xx_hal_uart_ex.o(.constdata)
    numerator                                0x08007a24   Data           8  stm32g0xx_hal_uart_ex.o(.constdata)
    denominator                              0x08007a2c   Data           8  stm32g0xx_hal_uart_ex.o(.constdata)
    .constdata                               0x08007a34   Section       64  system_stm32g0xx.o(.constdata)
    .constdata                               0x08007a74   Section       32  system_stm32g0xx.o(.constdata)
    .constdata                               0x08007a94   Section      512  crc.o(.constdata)
    aucCRCHi                                 0x08007a94   Data         256  crc.o(.constdata)
    aucCRCLo                                 0x08007b94   Data         256  crc.o(.constdata)
    .data                                    0x20000000   Section       12  stm32g0xx_hal.o(.data)
    .data                                    0x2000000c   Section        4  system_stm32g0xx.o(.data)
    .data                                    0x20000010   Section        8  manager_gpio.o(.data)
    .data                                    0x20000018   Section       23  manager_usart.o(.data)
    .data                                    0x2000002f   Section        1  manager_usart.o(.data)
    .data                                    0x20000030   Section       34  manager_timer.o(.data)
    .data                                    0x20000052   Section       98  mangager_lcd.o(.data)
    .data                                    0x200000b4   Section       60  supergpio.o(.data)
    SuperGpio_outputs                        0x200000b4   Data          40  supergpio.o(.data)
    superGpio_inputs                         0x200000dc   Data          20  supergpio.o(.data)
    .data                                    0x200000f0   Section       12  supertimer.o(.data)
    .data                                    0x200000fc   Section        4  stdout.o(.data)
    .bss                                     0x20000100   Section      286  manager_usart.o(.bss)
    .bss                                     0x2000021e   Section      152  manager_sharing.o(.bss)
    .bss                                     0x200002b8   Section     2744  superusart.o(.bss)
    gUartParamStruct                         0x20000d48   Data          40  superusart.o(.bss)
    .bss                                     0x20000d70   Section      228  supertimer.o(.bss)
    .bss                                     0x20000e54   Section       16  bsp_iwdg.o(.bss)
    STACK                                    0x20000e68   Section     1024  startup_stm32g031xx.o(STACK)

    Global Symbols

    Symbol Name                              Value     Ov Type        Size  Object(Section)

    BuildAttributes$$THM_ISAv3M$S$PE$A:L22$X:L11$S22$IEEE1$IW$USESV6$~STKCKD$USESV7$~SHL$OSPACE$ROPI$EBA8$MICROLIB$REQ8$PRES8$EABIv2 0x00000000   Number         0  anon$$obj.o ABSOLUTE
    __ARM_use_no_argv                        0x00000000   Number         0  main.o ABSOLUTE
    __cpp_initialize__aeabi_                  - Undefined Weak Reference
    __cxa_finalize                            - Undefined Weak Reference
    __decompress                              - Undefined Weak Reference
    _clock_init                               - Undefined Weak Reference
    _microlib_exit                            - Undefined Weak Reference
    __Vectors_Size                           0x000000c0   Number         0  startup_stm32g031xx.o ABSOLUTE
    __Vectors                                0x08000000   Data           4  startup_stm32g031xx.o(RESET)
    __Vectors_End                            0x080000c0   Data           0  startup_stm32g031xx.o(RESET)
    __main                                   0x080000c1   Thumb Code     0  entry.o(.ARM.Collect$$$$00000000)
    _main_stk                                0x080000c1   Thumb Code     0  entry2.o(.ARM.Collect$$$$00000001)
    _main_scatterload                        0x080000c5   Thumb Code     0  entry5.o(.ARM.Collect$$$$00000004)
    __main_after_scatterload                 0x080000c9   Thumb Code     0  entry5.o(.ARM.Collect$$$$00000004)
    _main_clock                              0x080000c9   Thumb Code     0  entry7b.o(.ARM.Collect$$$$00000008)
    _main_cpp_init                           0x080000c9   Thumb Code     0  entry8b.o(.ARM.Collect$$$$0000000A)
    _main_init                               0x080000c9   Thumb Code     0  entry9a.o(.ARM.Collect$$$$0000000B)
    __rt_final_cpp                           0x080000d1   Thumb Code     0  entry10a.o(.ARM.Collect$$$$0000000D)
    __rt_final_exit                          0x080000d1   Thumb Code     0  entry11a.o(.ARM.Collect$$$$0000000F)
    Reset_Handler                            0x080000d5   Thumb Code     8  startup_stm32g031xx.o(.text)
    ADC1_IRQHandler                          0x080000e7   Thumb Code     0  startup_stm32g031xx.o(.text)
    EXTI0_1_IRQHandler                       0x080000e7   Thumb Code     0  startup_stm32g031xx.o(.text)
    EXTI2_3_IRQHandler                       0x080000e7   Thumb Code     0  startup_stm32g031xx.o(.text)
    EXTI4_15_IRQHandler                      0x080000e7   Thumb Code     0  startup_stm32g031xx.o(.text)
    FLASH_IRQHandler                         0x080000e7   Thumb Code     0  startup_stm32g031xx.o(.text)
    I2C1_IRQHandler                          0x080000e7   Thumb Code     0  startup_stm32g031xx.o(.text)
    I2C2_IRQHandler                          0x080000e7   Thumb Code     0  startup_stm32g031xx.o(.text)
    LPTIM1_IRQHandler                        0x080000e7   Thumb Code     0  startup_stm32g031xx.o(.text)
    LPTIM2_IRQHandler                        0x080000e7   Thumb Code     0  startup_stm32g031xx.o(.text)
    LPUART1_IRQHandler                       0x080000e7   Thumb Code     0  startup_stm32g031xx.o(.text)
    PVD_IRQHandler                           0x080000e7   Thumb Code     0  startup_stm32g031xx.o(.text)
    RCC_IRQHandler                           0x080000e7   Thumb Code     0  startup_stm32g031xx.o(.text)
    RTC_TAMP_IRQHandler                      0x080000e7   Thumb Code     0  startup_stm32g031xx.o(.text)
    SPI1_IRQHandler                          0x080000e7   Thumb Code     0  startup_stm32g031xx.o(.text)
    SPI2_IRQHandler                          0x080000e7   Thumb Code     0  startup_stm32g031xx.o(.text)
    TIM1_BRK_UP_TRG_COM_IRQHandler           0x080000e7   Thumb Code     0  startup_stm32g031xx.o(.text)
    TIM1_CC_IRQHandler                       0x080000e7   Thumb Code     0  startup_stm32g031xx.o(.text)
    TIM2_IRQHandler                          0x080000e7   Thumb Code     0  startup_stm32g031xx.o(.text)
    TIM3_IRQHandler                          0x080000e7   Thumb Code     0  startup_stm32g031xx.o(.text)
    WWDG_IRQHandler                          0x080000e7   Thumb Code     0  startup_stm32g031xx.o(.text)
    __aeabi_uidiv                            0x080000f1   Thumb Code     0  uidiv.o(.text)
    __aeabi_uidivmod                         0x080000f1   Thumb Code    44  uidiv.o(.text)
    __aeabi_uldivmod                         0x0800011d   Thumb Code    96  uldiv.o(.text)
    __aeabi_memcpy                           0x0800017d   Thumb Code    36  memcpya.o(.text)
    __aeabi_memcpy4                          0x0800017d   Thumb Code     0  memcpya.o(.text)
    __aeabi_memcpy8                          0x0800017d   Thumb Code     0  memcpya.o(.text)
    __aeabi_memset                           0x080001a1   Thumb Code    14  memseta.o(.text)
    __aeabi_memset4                          0x080001a1   Thumb Code     0  memseta.o(.text)
    __aeabi_memset8                          0x080001a1   Thumb Code     0  memseta.o(.text)
    __aeabi_memclr                           0x080001af   Thumb Code     4  memseta.o(.text)
    __aeabi_memclr4                          0x080001af   Thumb Code     0  memseta.o(.text)
    __aeabi_memclr8                          0x080001af   Thumb Code     0  memseta.o(.text)
    _memset$wrapper                          0x080001b3   Thumb Code    18  memseta.o(.text)
    __aeabi_llsl                             0x080001c5   Thumb Code    32  llshl.o(.text)
    _ll_shift_l                              0x080001c5   Thumb Code     0  llshl.o(.text)
    __aeabi_llsr                             0x080001e5   Thumb Code    34  llushr.o(.text)
    _ll_ushift_r                             0x080001e5   Thumb Code     0  llushr.o(.text)
    __scatterload                            0x08000209   Thumb Code    28  init.o(.text)
    __scatterload_rt2                        0x08000209   Thumb Code     0  init.o(.text)
    AppDataHandle                            0x0800022d   Thumb Code    42  manager_usart.o(i.AppDataHandle)
    BSP_Timer_FlickerCallBack                0x08000261   Thumb Code     6  supertimer.o(i.BSP_Timer_FlickerCallBack)
    BSP_Timer_Init                           0x0800026d   Thumb Code    30  supertimer.o(i.BSP_Timer_Init)
    BSP_Timer_SendCallBack                   0x08000291   Thumb Code     6  supertimer.o(i.BSP_Timer_SendCallBack)
    BSP_Timer_SetCallback_Hearbeat           0x0800029d   Thumb Code     6  supertimer.o(i.BSP_Timer_SetCallback_Hearbeat)
    BSP_UART_DataSize                        0x080002a9   Thumb Code    24  superusart.o(i.BSP_UART_DataSize)
    BSP_UART_GetData                         0x080002c5   Thumb Code   106  superusart.o(i.BSP_UART_GetData)
    BSP_UART_Init                            0x08000335   Thumb Code    26  superusart.o(i.BSP_UART_Init)
    BSP_UART_SendData                        0x08000351   Thumb Code   100  superusart.o(i.BSP_UART_SendData)
    Battery_Dispose                          0x080003c5   Thumb Code    74  mangager_lcd.o(i.Battery_Dispose)
    Charge_Dispose                           0x08000415   Thumb Code   108  mangager_lcd.o(i.Charge_Dispose)
    Circulation_ErrorFlickerMode_1           0x0800048d   Thumb Code   648  mangager_lcd.o(i.Circulation_ErrorFlickerMode_1)
    Circulation_ErrorFlickerMode_2           0x0800071d   Thumb Code   758  mangager_lcd.o(i.Circulation_ErrorFlickerMode_2)
    Circulation_Marquee_1                    0x08000a1d   Thumb Code  1012  mangager_lcd.o(i.Circulation_Marquee_1)
    Circulation_Marquee_3                    0x08000e19   Thumb Code  1730  mangager_lcd.o(i.Circulation_Marquee_3)
    Count_Bits                               0x080014e1   Thumb Code    22  manager_sharing.o(i.Count_Bits)
    DMA1_Ch4_5_DMAMUX1_OVR_IRQHandler        0x080014f9   Thumb Code    10  superusart.o(i.DMA1_Ch4_5_DMAMUX1_OVR_IRQHandler)
    DMA1_Channel1_IRQHandler                 0x08001509   Thumb Code    10  superusart.o(i.DMA1_Channel1_IRQHandler)
    DMA1_Channel2_3_IRQHandler               0x08001519   Thumb Code    18  superusart.o(i.DMA1_Channel2_3_IRQHandler)
    Deal_Battery_Power_Show_1                0x080015d1   Thumb Code   318  mangager_lcd.o(i.Deal_Battery_Power_Show_1)
    Deal_Battery_Power_Show_3                0x08001719   Thumb Code   332  mangager_lcd.o(i.Deal_Battery_Power_Show_3)
    Deal_ReadDataDispose1                    0x08001871   Thumb Code    32  manager_sharing.o(i.Deal_ReadDataDispose1)
    Deal_ReadDataDispose2                    0x08001895   Thumb Code    32  manager_sharing.o(i.Deal_ReadDataDispose2)
    Deal_ReadDataDispose3                    0x080018b9   Thumb Code    50  manager_sharing.o(i.Deal_ReadDataDispose3)
    Deal_SelectDispose                       0x080018f1   Thumb Code   122  manager_usart.o(i.Deal_SelectDispose)
    Deal_WriteDataDispose                    0x08001975   Thumb Code    32  manager_sharing.o(i.Deal_WriteDataDispose)
    DisSta_Conrtol_1                         0x08001999   Thumb Code  6688  mangager_lcd.o(i.DisSta_Conrtol_1)
    DisSta_Conrtol_3                         0x080033c1   Thumb Code  1454  mangager_lcd.o(i.DisSta_Conrtol_3)
    Discharge_Marquee_1                      0x08003975   Thumb Code   566  mangager_lcd.o(i.Discharge_Marquee_1)
    Discharge_Marquee_3                      0x08003bab   Thumb Code   502  mangager_lcd.o(i.Discharge_Marquee_3)
    Display_Frame                            0x08003da1   Thumb Code   182  mangager_lcd.o(i.Display_Frame)
    Error_Code_Display                       0x08003e7d   Thumb Code    38  mangager_lcd.o(i.Error_Code_Display)
    Error_Handler                            0x08003ea9   Thumb Code     4  main.o(i.Error_Handler)
    FeedDog                                  0x08003ead   Thumb Code    10  bsp_iwdg.o(i.FeedDog)
    HAL_DMA_Abort                            0x08003ebd   Thumb Code   112  stm32g0xx_hal_dma.o(i.HAL_DMA_Abort)
    HAL_DMA_Abort_IT                         0x08003f31   Thumb Code   118  stm32g0xx_hal_dma.o(i.HAL_DMA_Abort_IT)
    HAL_DMA_GetError                         0x08003fad   Thumb Code     4  stm32g0xx_hal_dma.o(i.HAL_DMA_GetError)
    HAL_DMA_IRQHandler                       0x08003fb1   Thumb Code   180  stm32g0xx_hal_dma.o(i.HAL_DMA_IRQHandler)
    HAL_DMA_Init                             0x08004069   Thumb Code   156  stm32g0xx_hal_dma.o(i.HAL_DMA_Init)
    HAL_DMA_Start_IT                         0x0800410d   Thumb Code   136  stm32g0xx_hal_dma.o(i.HAL_DMA_Start_IT)
    HAL_Delay                                0x08004199   Thumb Code    32  stm32g0xx_hal.o(i.HAL_Delay)
    HAL_GPIO_Init                            0x080041bd   Thumb Code   330  stm32g0xx_hal_gpio.o(i.HAL_GPIO_Init)
    HAL_GPIO_WritePin                        0x08004319   Thumb Code    12  stm32g0xx_hal_gpio.o(i.HAL_GPIO_WritePin)
    HAL_GetTick                              0x08004325   Thumb Code     6  stm32g0xx_hal.o(i.HAL_GetTick)
    HAL_IWDG_Init                            0x08004331   Thumb Code    94  stm32g0xx_hal_iwdg.o(i.HAL_IWDG_Init)
    HAL_IWDG_Refresh                         0x0800439d   Thumb Code    10  stm32g0xx_hal_iwdg.o(i.HAL_IWDG_Refresh)
    HAL_IncTick                              0x080043ad   Thumb Code    12  stm32g0xx_hal.o(i.HAL_IncTick)
    HAL_Init                                 0x080043bd   Thumb Code    36  stm32g0xx_hal.o(i.HAL_Init)
    HAL_InitTick                             0x080043e5   Thumb Code    64  stm32g0xx_hal.o(i.HAL_InitTick)
    HAL_MspInit                              0x0800442d   Thumb Code    38  stm32g0xx_hal_msp.o(i.HAL_MspInit)
    HAL_NVIC_EnableIRQ                       0x08004459   Thumb Code    18  stm32g0xx_hal_cortex.o(i.HAL_NVIC_EnableIRQ)
    HAL_NVIC_SetPriority                     0x08004471   Thumb Code     8  stm32g0xx_hal_cortex.o(i.HAL_NVIC_SetPriority)
    HAL_PWREx_ControlVoltageScaling          0x08004479   Thumb Code    62  stm32g0xx_hal_pwr_ex.o(i.HAL_PWREx_ControlVoltageScaling)
    HAL_RCCEx_PeriphCLKConfig                0x080044c5   Thumb Code   420  stm32g0xx_hal_rcc_ex.o(i.HAL_RCCEx_PeriphCLKConfig)
    HAL_RCC_ClockConfig                      0x08004675   Thumb Code   318  stm32g0xx_hal_rcc.o(i.HAL_RCC_ClockConfig)
    HAL_RCC_GetPCLK1Freq                     0x080047cd   Thumb Code    26  stm32g0xx_hal_rcc.o(i.HAL_RCC_GetPCLK1Freq)
    HAL_RCC_GetSysClockFreq                  0x080047f5   Thumb Code   130  stm32g0xx_hal_rcc.o(i.HAL_RCC_GetSysClockFreq)
    HAL_RCC_OscConfig                        0x08004881   Thumb Code   962  stm32g0xx_hal_rcc.o(i.HAL_RCC_OscConfig)
    HAL_SYSTICK_Config                       0x08004c69   Thumb Code    38  stm32g0xx_hal_cortex.o(i.HAL_SYSTICK_Config)
    HAL_TIMEx_Break2Callback                 0x08004c99   Thumb Code     2  stm32g0xx_hal_tim_ex.o(i.HAL_TIMEx_Break2Callback)
    HAL_TIMEx_BreakCallback                  0x08004c9b   Thumb Code     2  stm32g0xx_hal_tim_ex.o(i.HAL_TIMEx_BreakCallback)
    HAL_TIMEx_CommutCallback                 0x08004c9d   Thumb Code     2  stm32g0xx_hal_tim_ex.o(i.HAL_TIMEx_CommutCallback)
    HAL_TIM_Base_Init                        0x08004c9f   Thumb Code    76  stm32g0xx_hal_tim.o(i.HAL_TIM_Base_Init)
    HAL_TIM_Base_MspInit                     0x08004ceb   Thumb Code     2  stm32g0xx_hal_tim.o(i.HAL_TIM_Base_MspInit)
    HAL_TIM_Base_Start                       0x08004ced   Thumb Code    66  stm32g0xx_hal_tim.o(i.HAL_TIM_Base_Start)
    HAL_TIM_Base_Start_IT                    0x08004d3d   Thumb Code    74  stm32g0xx_hal_tim.o(i.HAL_TIM_Base_Start_IT)
    HAL_TIM_IC_CaptureCallback               0x08004d95   Thumb Code     2  stm32g0xx_hal_tim.o(i.HAL_TIM_IC_CaptureCallback)
    HAL_TIM_IRQHandler                       0x08004d99   Thumb Code   382  stm32g0xx_hal_tim.o(i.HAL_TIM_IRQHandler)
    HAL_TIM_OC_DelayElapsedCallback          0x08004f1d   Thumb Code     2  stm32g0xx_hal_tim.o(i.HAL_TIM_OC_DelayElapsedCallback)
    HAL_TIM_PWM_PulseFinishedCallback        0x08004f1f   Thumb Code     2  stm32g0xx_hal_tim.o(i.HAL_TIM_PWM_PulseFinishedCallback)
    HAL_TIM_PeriodElapsedCallback            0x08004f21   Thumb Code    50  supertimer.o(i.HAL_TIM_PeriodElapsedCallback)
    HAL_TIM_TriggerCallback                  0x08004f5d   Thumb Code     2  stm32g0xx_hal_tim.o(i.HAL_TIM_TriggerCallback)
    HAL_UARTEx_DisableFifoMode               0x08004f5f   Thumb Code    60  stm32g0xx_hal_uart_ex.o(i.HAL_UARTEx_DisableFifoMode)
    HAL_UARTEx_ReceiveToIdle_DMA             0x08004f9b   Thumb Code   112  stm32g0xx_hal_uart_ex.o(i.HAL_UARTEx_ReceiveToIdle_DMA)
    HAL_UARTEx_RxEventCallback               0x0800500d   Thumb Code    76  superusart.o(i.HAL_UARTEx_RxEventCallback)
    HAL_UARTEx_RxFifoFullCallback            0x08005071   Thumb Code     2  stm32g0xx_hal_uart_ex.o(i.HAL_UARTEx_RxFifoFullCallback)
    HAL_UARTEx_SetRxFifoThreshold            0x08005073   Thumb Code    72  stm32g0xx_hal_uart_ex.o(i.HAL_UARTEx_SetRxFifoThreshold)
    HAL_UARTEx_SetTxFifoThreshold            0x080050bb   Thumb Code    70  stm32g0xx_hal_uart_ex.o(i.HAL_UARTEx_SetTxFifoThreshold)
    HAL_UARTEx_TxFifoEmptyCallback           0x08005101   Thumb Code     2  stm32g0xx_hal_uart_ex.o(i.HAL_UARTEx_TxFifoEmptyCallback)
    HAL_UARTEx_WakeupCallback                0x08005103   Thumb Code     2  stm32g0xx_hal_uart_ex.o(i.HAL_UARTEx_WakeupCallback)
    HAL_UART_DMAStop                         0x08005105   Thumb Code   154  stm32g0xx_hal_uart.o(i.HAL_UART_DMAStop)
    HAL_UART_ErrorCallback                   0x080051a1   Thumb Code    34  superusart.o(i.HAL_UART_ErrorCallback)
    HAL_UART_IRQHandler                      0x080051d1   Thumb Code   726  stm32g0xx_hal_uart.o(i.HAL_UART_IRQHandler)
    HAL_UART_Init                            0x080054b9   Thumb Code   108  stm32g0xx_hal_uart.o(i.HAL_UART_Init)
    HAL_UART_MspInit                         0x08005525   Thumb Code     2  stm32g0xx_hal_uart.o(i.HAL_UART_MspInit)
    HAL_UART_RxCpltCallback                  0x08005527   Thumb Code     2  stm32g0xx_hal_uart.o(i.HAL_UART_RxCpltCallback)
    HAL_UART_RxHalfCpltCallback              0x08005529   Thumb Code     2  stm32g0xx_hal_uart.o(i.HAL_UART_RxHalfCpltCallback)
    HAL_UART_Transmit                        0x0800552b   Thumb Code   216  stm32g0xx_hal_uart.o(i.HAL_UART_Transmit)
    HAL_UART_TxCpltCallback                  0x08005603   Thumb Code     2  stm32g0xx_hal_uart.o(i.HAL_UART_TxCpltCallback)
    HT1621_Init                              0x08005605   Thumb Code    84  board_ht1621.o(i.HT1621_Init)
    HT1621_Init2                             0x08005659   Thumb Code    80  board_ht1621.o(i.HT1621_Init2)
    HT1621_WriteCommand                      0x080056ad   Thumb Code   304  board_ht1621.o(i.HT1621_WriteCommand)
    HT1621_WriteCommand2                     0x080057dd   Thumb Code   306  board_ht1621.o(i.HT1621_WriteCommand2)
    HT1621_WriteData8Bit                     0x08005915   Thumb Code   332  board_ht1621.o(i.HT1621_WriteData8Bit)
    HT1621_WriteData8Bit2                    0x08005a61   Thumb Code   332  board_ht1621.o(i.HT1621_WriteData8Bit2)
    HardFault_Handler                        0x08005bb1   Thumb Code     2  stm32g0xx_it.o(i.HardFault_Handler)
    ID_Code_Display                          0x08005bb5   Thumb Code    38  mangager_lcd.o(i.ID_Code_Display)
    IWDG_Init                                0x08005be1   Thumb Code    34  bsp_iwdg.o(i.IWDG_Init)
    Init_Interface                           0x08005c11   Thumb Code    30  mangager_lcd.o(i.Init_Interface)
    Input_Power                              0x08005c31   Thumb Code   180  mangager_lcd.o(i.Input_Power)
    LightenLCD_Init                          0x08005ce9   Thumb Code   178  mangager_lcd.o(i.LightenLCD_Init)
    Manager_Activate                         0x08005da1   Thumb Code    16  manager.o(i.Manager_Activate)
    Manager_GPIO_Init                        0x08005db1   Thumb Code    48  manager_gpio.o(i.Manager_GPIO_Init)
    Manager_GPIO_Mainloop                    0x08005de1   Thumb Code     8  manager_gpio.o(i.Manager_GPIO_Mainloop)
    Manager_GPIO_ledlogie                    0x08005de9   Thumb Code    56  manager_gpio.o(i.Manager_GPIO_ledlogie)
    Manager_Init                             0x08005e25   Thumb Code    36  manager.o(i.Manager_Init)
    Manager_LCD_Init                         0x08005e6d   Thumb Code    20  mangager_lcd.o(i.Manager_LCD_Init)
    Manager_LCD_Mainloop                     0x08005e81   Thumb Code     8  mangager_lcd.o(i.Manager_LCD_Mainloop)
    Manager_Mainloop                         0x08005e89   Thumb Code    20  manager.o(i.Manager_Mainloop)
    Manager_Sharing_Activate                 0x08005e9d   Thumb Code     2  manager_sharing.o(i.Manager_Sharing_Activate)
    Manager_Sharing_Init                     0x08005ea1   Thumb Code    12  manager_sharing.o(i.Manager_Sharing_Init)
    Manager_Sharing_Mainloop                 0x08005eb1   Thumb Code     8  manager_sharing.o(i.Manager_Sharing_Mainloop)
    Manager_Timer_Activate                   0x08005eb9   Thumb Code    22  manager_timer.o(i.Manager_Timer_Activate)
    Manager_Timer_Init                       0x08005edd   Thumb Code     8  manager_timer.o(i.Manager_Timer_Init)
    Manager_Usart_Activate                   0x08005ee5   Thumb Code     2  manager_usart.o(i.Manager_Usart_Activate)
    Manager_Usart_Init                       0x08005ee7   Thumb Code    24  manager_usart.o(i.Manager_Usart_Init)
    Manager_Usart_Mainloop                   0x08005f01   Thumb Code   214  manager_usart.o(i.Manager_Usart_Mainloop)
    MarBrControl_1                           0x08005fe5   Thumb Code   878  mangager_lcd.o(i.MarBrControl_1)
    MarBrControl_2                           0x08006361   Thumb Code   906  mangager_lcd.o(i.MarBrControl_2)
    NMI_Handler                              0x080066f9   Thumb Code     2  stm32g0xx_it.o(i.NMI_Handler)
    NoFault_Display                          0x080066fb   Thumb Code    20  mangager_lcd.o(i.NoFault_Display)
    Output_Power                             0x08006711   Thumb Code   180  mangager_lcd.o(i.Output_Power)
    Pack_DealGetData1_Format                 0x080067c9   Thumb Code    52  manager_usart.o(i.Pack_DealGetData1_Format)
    Pack_DealGetData2_Format                 0x08006801   Thumb Code   110  manager_usart.o(i.Pack_DealGetData2_Format)
    Pack_DealGetData3_Format                 0x08006879   Thumb Code    64  manager_usart.o(i.Pack_DealGetData3_Format)
    Pack_DealSendData1_Format                0x080068bd   Thumb Code    44  manager_usart.o(i.Pack_DealSendData1_Format)
    Pack_DealSendData2_Format                0x080068f1   Thumb Code    36  manager_usart.o(i.Pack_DealSendData2_Format)
    Pack_DealSendData3_Format                0x08006919   Thumb Code    38  manager_usart.o(i.Pack_DealSendData3_Format)
    PendSV_Handler                           0x08006945   Thumb Code     2  stm32g0xx_it.o(i.PendSV_Handler)
    Read_WordManage                          0x08006947   Thumb Code    16  manager_sharing.o(i.Read_WordManage)
    SVC_Handler                              0x08006957   Thumb Code     2  stm32g0xx_it.o(i.SVC_Handler)
    SuperGpio_Init                           0x08006959   Thumb Code    12  supergpio.o(i.SuperGpio_Init)
    SuperGpio_WriteOutput                    0x08006965   Thumb Code    60  supergpio.o(i.SuperGpio_WriteOutput)
    SysTick_Handler                          0x080069a5   Thumb Code     8  stm32g0xx_it.o(i.SysTick_Handler)
    SystemClock_Config                       0x080069ad   Thumb Code   118  main.o(i.SystemClock_Config)
    SystemInit                               0x08006a23   Thumb Code     2  system_stm32g0xx.o(i.SystemInit)
    TIM14_IRQHandler                         0x08006a25   Thumb Code    10  supertimer.o(i.TIM14_IRQHandler)
    TIM14_Init                               0x08006a35   Thumb Code    84  supertimer.o(i.TIM14_Init)
    TIM16_IRQHandler                         0x08006a95   Thumb Code    10  supertimer.o(i.TIM16_IRQHandler)
    TIM16_Init                               0x08006aa5   Thumb Code    76  supertimer.o(i.TIM16_Init)
    TIM17_IRQHandler                         0x08006afd   Thumb Code    10  supertimer.o(i.TIM17_IRQHandler)
    TIM17_Init                               0x08006b0d   Thumb Code    78  supertimer.o(i.TIM17_Init)
    TIM_Base_SetConfig                       0x08006b69   Thumb Code   112  stm32g0xx_hal_tim.o(i.TIM_Base_SetConfig)
    Timer_100us_CallBack                     0x08006bed   Thumb Code    44  manager_timer.o(i.Timer_100us_CallBack)
    Timer_Send_Callback                      0x08006c21   Thumb Code   114  manager_timer.o(i.Timer_Send_Callback)
    Timer_free_Callback                      0x08006c9d   Thumb Code    78  manager_timer.o(i.Timer_free_Callback)
    UART1_init                               0x08006cf5   Thumb Code   404  superusart.o(i.UART1_init)
    UART2_init                               0x08006ead   Thumb Code   338  superusart.o(i.UART2_init)
    UART_AdvFeatureConfig                    0x08007061   Thumb Code   202  stm32g0xx_hal_uart.o(i.UART_AdvFeatureConfig)
    UART_CheckIdleState                      0x0800712d   Thumb Code    94  stm32g0xx_hal_uart.o(i.UART_CheckIdleState)
    UART_DMA_Rx_Cfg                          0x080072a9   Thumb Code   100  superusart.o(i.UART_DMA_Rx_Cfg)
    UART_SetConfig                           0x080073bd   Thumb Code   482  stm32g0xx_hal_uart.o(i.UART_SetConfig)
    UART_Start_Receive_DMA                   0x080075c9   Thumb Code   164  stm32g0xx_hal_uart.o(i.UART_Start_Receive_DMA)
    UART_WaitOnFlagUntilTimeout              0x08007679   Thumb Code   210  stm32g0xx_hal_uart.o(i.UART_WaitOnFlagUntilTimeout)
    USART1_IRQHandler                        0x0800774d   Thumb Code    10  superusart.o(i.USART1_IRQHandler)
    USART2_IRQHandler                        0x0800775d   Thumb Code    10  superusart.o(i.USART2_IRQHandler)
    __0printf$bare                           0x0800776d   Thumb Code    12  printfb.o(i.__0printf$bare)
    __1printf$bare                           0x0800776d   Thumb Code     0  printfb.o(i.__0printf$bare)
    __2printf                                0x0800776d   Thumb Code     0  printfb.o(i.__0printf$bare)
    __scatterload_copy                       0x080077c5   Thumb Code    14  handlers.o(i.__scatterload_copy)
    __scatterload_null                       0x080077d3   Thumb Code     2  handlers.o(i.__scatterload_null)
    __scatterload_zeroinit                   0x080077d5   Thumb Code    14  handlers.o(i.__scatterload_zeroinit)
    delay_time                               0x08007801   Thumb Code    26  board_ht1621.o(i.delay_time)
    fputc                                    0x0800781d   Thumb Code    18  superusart.o(i.fputc)
    main                                     0x080078d9   Thumb Code    22  main.o(i.main)
    sg_Gpio_CLK_ENABLE                       0x080078f1   Thumb Code    62  supergpio.o(i.sg_Gpio_CLK_ENABLE)
    sg_Input_Init                            0x0800793d   Thumb Code    68  supergpio.o(i.sg_Input_Init)
    sg_Output_Init                           0x08007985   Thumb Code    84  supergpio.o(i.sg_Output_Init)
    usMBCRC16                                0x080079dd   Thumb Code    42  crc.o(i.usMBCRC16)
    UARTPrescTable                           0x08007a0c   Data          24  stm32g0xx_hal_uart.o(.constdata)
    AHBPrescTable                            0x08007a34   Data          64  system_stm32g0xx.o(.constdata)
    APBPrescTable                            0x08007a74   Data          32  system_stm32g0xx.o(.constdata)
    Region$$Table$$Base                      0x08007c94   Number         0  anon$$obj.o(Region$$Table)
    Region$$Table$$Limit                     0x08007cb4   Number         0  anon$$obj.o(Region$$Table)
    uwTickFreq                               0x20000000   Data           1  stm32g0xx_hal.o(.data)
    uwTickPrio                               0x20000004   Data           4  stm32g0xx_hal.o(.data)
    uwTick                                   0x20000008   Data           4  stm32g0xx_hal.o(.data)
    SystemCoreClock                          0x2000000c   Data           4  system_stm32g0xx.o(.data)
    tickcount                                0x20000010   Data           1  manager_gpio.o(.data)
    count                                    0x20000014   Data           4  manager_gpio.o(.data)
    Verify_ComDataHihg                       0x20000018   Data           1  manager_usart.o(.data)
    Verify_ComDatalow                        0x20000019   Data           1  manager_usart.o(.data)
    Deal_TriggerMode1                        0x2000001a   Data           1  manager_usart.o(.data)
    Deal_TriggerMode2                        0x2000001b   Data           1  manager_usart.o(.data)
    Deal_TriggerMode3                        0x2000001c   Data           1  manager_usart.o(.data)
    PollCount                                0x2000001d   Data           1  manager_usart.o(.data)
    agr_Add1                                 0x2000001e   Data           1  manager_usart.o(.data)
    agr_Add2                                 0x2000001f   Data           1  manager_usart.o(.data)
    DealSendData2                            0x20000020   Data           7  manager_usart.o(.data)
    DealSendData3                            0x20000027   Data           8  manager_usart.o(.data)
    agr_Add3                                 0x2000002f   Data           1  manager_usart.o(.data)
    FaultCount                               0x20000030   Data           1  manager_timer.o(.data)
    FaultFlickerFlag                         0x20000031   Data           1  manager_timer.o(.data)
    FaultDiaTimeFlag                         0x20000032   Data           1  manager_timer.o(.data)
    timecount                                0x20000034   Data           2  manager_timer.o(.data)
    Heartbeat                                0x20000036   Data           2  manager_timer.o(.data)
    FlickerFlg                               0x20000038   Data           2  manager_timer.o(.data)
    FlickerTime                              0x2000003a   Data           2  manager_timer.o(.data)
    Cir_FlickerFlag                          0x2000003c   Data           2  manager_timer.o(.data)
    Cir_FlickerTime                          0x2000003e   Data           2  manager_timer.o(.data)
    FaultDiaTime                             0x20000040   Data           2  manager_timer.o(.data)
    SendtimeCount                            0x20000042   Data           2  manager_timer.o(.data)
    SendFag                                  0x20000044   Data           2  manager_timer.o(.data)
    ErrorFlickerFlag                         0x20000046   Data           2  manager_timer.o(.data)
    PollTime                                 0x20000048   Data           2  manager_timer.o(.data)
    DormancyTime                             0x2000004a   Data           2  manager_timer.o(.data)
    DormancySta                              0x2000004c   Data           2  manager_timer.o(.data)
    FaultBrightTime                          0x2000004e   Data           2  manager_timer.o(.data)
    FaultDestroyTime                         0x20000050   Data           2  manager_timer.o(.data)
    RestartTime                              0x20000052   Data           1  mangager_lcd.o(.data)
    Count                                    0x20000053   Data           1  mangager_lcd.o(.data)
    Dis_InitFlag                             0x20000054   Data           1  mangager_lcd.o(.data)
    Char_InitFlag                            0x20000055   Data           1  mangager_lcd.o(.data)
    Await_InitFlag                           0x20000056   Data           1  mangager_lcd.o(.data)
    TriggerFlickFlag                         0x20000057   Data           1  mangager_lcd.o(.data)
    Show_InputPower                          0x20000058   Data           2  mangager_lcd.o(.data)
    Show_OutputPower                         0x2000005a   Data           2  mangager_lcd.o(.data)
    Show_Voltage                             0x2000005c   Data           2  mangager_lcd.o(.data)
    Judge_Electricity                        0x2000005e   Data           2  mangager_lcd.o(.data)
    Use_ReportSta                            0x20000060   Data           2  mangager_lcd.o(.data)
    Use_ReportSta_H                          0x20000062   Data           2  mangager_lcd.o(.data)
    Dormancy_Electricity                     0x20000064   Data           2  mangager_lcd.o(.data)
    Use_RunSta                               0x20000066   Data           2  mangager_lcd.o(.data)
    FaultNum_L                               0x20000068   Data           2  mangager_lcd.o(.data)
    FaultNum_H                               0x2000006a   Data           2  mangager_lcd.o(.data)
    MarBright                                0x2000006c   Data           4  mangager_lcd.o(.data)
    Numdata_T                                0x20000070   Data           5  mangager_lcd.o(.data)
    Stadata_T                                0x20000075   Data           5  mangager_lcd.o(.data)
    Marqueedata                              0x2000007a   Data           8  mangager_lcd.o(.data)
    numdata                                  0x20000082   Data          10  mangager_lcd.o(.data)
    numdata1                                 0x2000008c   Data          10  mangager_lcd.o(.data)
    MarConLamp                               0x20000096   Data          30  mangager_lcd.o(.data)
    Timer14_callBack                         0x200000f0   Data           4  supertimer.o(.data)
    Timer16_callBack                         0x200000f4   Data           4  supertimer.o(.data)
    Timer17_callBack                         0x200000f8   Data           4  supertimer.o(.data)
    __stdout                                 0x200000fc   Data           4  stdout.o(.data)
    DealSendData1                            0x20000100   Data          18  manager_usart.o(.bss)
    DealGetData1                             0x20000112   Data          18  manager_usart.o(.bss)
    DealGetData2                             0x20000124   Data          50  manager_usart.o(.bss)
    DealGetData3                             0x20000156   Data         100  manager_usart.o(.bss)
    RealData                                 0x200001ba   Data         100  manager_usart.o(.bss)
    Deal_Buf1                                0x2000021e   Data          27  manager_sharing.o(.bss)
    Deal_Buf2                                0x20000239   Data          41  manager_sharing.o(.bss)
    Deal_Buf3                                0x20000262   Data          84  manager_sharing.o(.bss)
    gUart1_Handle                            0x200002b8   Data         144  superusart.o(.bss)
    gUart2_Handle                            0x20000348   Data         144  superusart.o(.bss)
    hdma_usart1_tx                           0x200003d8   Data          92  superusart.o(.bss)
    hdma_usart1_rx                           0x20000434   Data          92  superusart.o(.bss)
    hdma_usart2_rx                           0x20000490   Data          92  superusart.o(.bss)
    hdma_usart2_tx                           0x200004ec   Data          92  superusart.o(.bss)
    UART1_RX_buf_A                           0x20000548   Data         512  superusart.o(.bss)
    UART1_RX_buf_B                           0x20000748   Data         512  superusart.o(.bss)
    UART2_RX_buf_A                           0x20000948   Data         512  superusart.o(.bss)
    UART2_RX_buf_B                           0x20000b48   Data         512  superusart.o(.bss)
    htim14                                   0x20000d70   Data          76  supertimer.o(.bss)
    htim16                                   0x20000dbc   Data          76  supertimer.o(.bss)
    htim17                                   0x20000e08   Data          76  supertimer.o(.bss)
    hiwdg                                    0x20000e54   Data          16  bsp_iwdg.o(.bss)
    __initial_sp                             0x20001268   Data           0  startup_stm32g031xx.o(STACK)



==============================================================================

Memory Map of the image

  Image Entry point : 0x080000c1

  Load Region LR_IROM1 (Base: 0x08000000, Size: 0x00007db4, Max: 0x00008000, ABSOLUTE)

    Execution Region ER_IROM1 (Exec base: 0x08000000, Load base: 0x08000000, Size: 0x00007cb4, Max: 0x00008000, ABSOLUTE)

    Exec Addr    Load Addr    Size         Type   Attr      Idx    E Section Name        Object

    0x08000000   0x08000000   0x000000c0   Data   RO            3    RESET               startup_stm32g031xx.o
    0x080000c0   0x080000c0   0x00000000   Code   RO         4091  * .ARM.Collect$$$$00000000  mc_p.l(entry.o)
    0x080000c0   0x080000c0   0x00000004   Code   RO         4364    .ARM.Collect$$$$00000001  mc_p.l(entry2.o)
    0x080000c4   0x080000c4   0x00000004   Code   RO         4367    .ARM.Collect$$$$00000004  mc_p.l(entry5.o)
    0x080000c8   0x080000c8   0x00000000   Code   RO         4369    .ARM.Collect$$$$00000008  mc_p.l(entry7b.o)
    0x080000c8   0x080000c8   0x00000000   Code   RO         4371    .ARM.Collect$$$$0000000A  mc_p.l(entry8b.o)
    0x080000c8   0x080000c8   0x00000008   Code   RO         4372    .ARM.Collect$$$$0000000B  mc_p.l(entry9a.o)
    0x080000d0   0x080000d0   0x00000000   Code   RO         4374    .ARM.Collect$$$$0000000D  mc_p.l(entry10a.o)
    0x080000d0   0x080000d0   0x00000000   Code   RO         4376    .ARM.Collect$$$$0000000F  mc_p.l(entry11a.o)
    0x080000d0   0x080000d0   0x00000004   Code   RO         4365    .ARM.Collect$$$$00002712  mc_p.l(entry2.o)
    0x080000d4   0x080000d4   0x0000001c   Code   RO            4    .text               startup_stm32g031xx.o
    0x080000f0   0x080000f0   0x0000002c   Code   RO         4094    .text               mc_p.l(uidiv.o)
    0x0800011c   0x0800011c   0x00000060   Code   RO         4096    .text               mc_p.l(uldiv.o)
    0x0800017c   0x0800017c   0x00000024   Code   RO         4098    .text               mc_p.l(memcpya.o)
    0x080001a0   0x080001a0   0x00000024   Code   RO         4100    .text               mc_p.l(memseta.o)
    0x080001c4   0x080001c4   0x00000020   Code   RO         4379    .text               mc_p.l(llshl.o)
    0x080001e4   0x080001e4   0x00000022   Code   RO         4381    .text               mc_p.l(llushr.o)
    0x08000206   0x08000206   0x00000002   PAD
    0x08000208   0x08000208   0x00000024   Code   RO         4394    .text               mc_p.l(init.o)
    0x0800022c   0x0800022c   0x00000034   Code   RO         3284    i.AppDataHandle     manager_usart.o
    0x08000260   0x08000260   0x0000000c   Code   RO         3861    i.BSP_Timer_FlickerCallBack  supertimer.o
    0x0800026c   0x0800026c   0x00000024   Code   RO         3862    i.BSP_Timer_Init    supertimer.o
    0x08000290   0x08000290   0x0000000c   Code   RO         3863    i.BSP_Timer_SendCallBack  supertimer.o
    0x0800029c   0x0800029c   0x0000000c   Code   RO         3864    i.BSP_Timer_SetCallback_Hearbeat  supertimer.o
    0x080002a8   0x080002a8   0x0000001c   Code   RO         3745    i.BSP_UART_DataSize  superusart.o
    0x080002c4   0x080002c4   0x00000070   Code   RO         3747    i.BSP_UART_GetData  superusart.o
    0x08000334   0x08000334   0x0000001a   Code   RO         3748    i.BSP_UART_Init     superusart.o
    0x0800034e   0x0800034e   0x00000002   PAD
    0x08000350   0x08000350   0x00000074   Code   RO         3749    i.BSP_UART_SendData  superusart.o
    0x080003c4   0x080003c4   0x00000050   Code   RO         3425    i.Battery_Dispose   mangager_lcd.o
    0x08000414   0x08000414   0x00000078   Code   RO         3426    i.Charge_Dispose    mangager_lcd.o
    0x0800048c   0x0800048c   0x00000290   Code   RO         3427    i.Circulation_ErrorFlickerMode_1  mangager_lcd.o
    0x0800071c   0x0800071c   0x00000300   Code   RO         3428    i.Circulation_ErrorFlickerMode_2  mangager_lcd.o
    0x08000a1c   0x08000a1c   0x000003fc   Code   RO         3429    i.Circulation_Marquee_1  mangager_lcd.o
    0x08000e18   0x08000e18   0x000006c8   Code   RO         3430    i.Circulation_Marquee_3  mangager_lcd.o
    0x080014e0   0x080014e0   0x00000016   Code   RO         3591    i.Count_Bits        manager_sharing.o
    0x080014f6   0x080014f6   0x00000002   PAD
    0x080014f8   0x080014f8   0x00000010   Code   RO         3750    i.DMA1_Ch4_5_DMAMUX1_OVR_IRQHandler  superusart.o
    0x08001508   0x08001508   0x00000010   Code   RO         3751    i.DMA1_Channel1_IRQHandler  superusart.o
    0x08001518   0x08001518   0x00000018   Code   RO         3752    i.DMA1_Channel2_3_IRQHandler  superusart.o
    0x08001530   0x08001530   0x00000030   Code   RO          819    i.DMA_CalcDMAMUXChannelBaseAndMask  stm32g0xx_hal_dma.o
    0x08001560   0x08001560   0x00000028   Code   RO          820    i.DMA_CalcDMAMUXRequestGenBaseAndMask  stm32g0xx_hal_dma.o
    0x08001588   0x08001588   0x00000048   Code   RO          821    i.DMA_SetConfig     stm32g0xx_hal_dma.o
    0x080015d0   0x080015d0   0x00000148   Code   RO         3431    i.Deal_Battery_Power_Show_1  mangager_lcd.o
    0x08001718   0x08001718   0x00000158   Code   RO         3432    i.Deal_Battery_Power_Show_3  mangager_lcd.o
    0x08001870   0x08001870   0x00000024   Code   RO         3592    i.Deal_ReadDataDispose1  manager_sharing.o
    0x08001894   0x08001894   0x00000024   Code   RO         3593    i.Deal_ReadDataDispose2  manager_sharing.o
    0x080018b8   0x080018b8   0x00000038   Code   RO         3594    i.Deal_ReadDataDispose3  manager_sharing.o
    0x080018f0   0x080018f0   0x00000084   Code   RO         3285    i.Deal_SelectDispose  manager_usart.o
    0x08001974   0x08001974   0x00000024   Code   RO         3595    i.Deal_WriteDataDispose  manager_sharing.o
    0x08001998   0x08001998   0x00001a28   Code   RO         3433    i.DisSta_Conrtol_1  mangager_lcd.o
    0x080033c0   0x080033c0   0x000005b4   Code   RO         3434    i.DisSta_Conrtol_3  mangager_lcd.o
    0x08003974   0x08003974   0x00000236   Code   RO         3435    i.Discharge_Marquee_1  mangager_lcd.o
    0x08003baa   0x08003baa   0x000001f6   Code   RO         3436    i.Discharge_Marquee_3  mangager_lcd.o
    0x08003da0   0x08003da0   0x000000dc   Code   RO         3437    i.Display_Frame     mangager_lcd.o
    0x08003e7c   0x08003e7c   0x0000002c   Code   RO         3438    i.Error_Code_Display  mangager_lcd.o
    0x08003ea8   0x08003ea8   0x00000004   Code   RO           12    i.Error_Handler     main.o
    0x08003eac   0x08003eac   0x00000010   Code   RO         4036    i.FeedDog           bsp_iwdg.o
    0x08003ebc   0x08003ebc   0x00000074   Code   RO          822    i.HAL_DMA_Abort     stm32g0xx_hal_dma.o
    0x08003f30   0x08003f30   0x0000007c   Code   RO          823    i.HAL_DMA_Abort_IT  stm32g0xx_hal_dma.o
    0x08003fac   0x08003fac   0x00000004   Code   RO          825    i.HAL_DMA_GetError  stm32g0xx_hal_dma.o
    0x08003fb0   0x08003fb0   0x000000b8   Code   RO          827    i.HAL_DMA_IRQHandler  stm32g0xx_hal_dma.o
    0x08004068   0x08004068   0x000000a4   Code   RO          828    i.HAL_DMA_Init      stm32g0xx_hal_dma.o
    0x0800410c   0x0800410c   0x0000008c   Code   RO          832    i.HAL_DMA_Start_IT  stm32g0xx_hal_dma.o
    0x08004198   0x08004198   0x00000024   Code   RO         1348    i.HAL_Delay         stm32g0xx_hal.o
    0x080041bc   0x080041bc   0x0000015c   Code   RO          755    i.HAL_GPIO_Init     stm32g0xx_hal_gpio.o
    0x08004318   0x08004318   0x0000000c   Code   RO          759    i.HAL_GPIO_WritePin  stm32g0xx_hal_gpio.o
    0x08004324   0x08004324   0x0000000c   Code   RO         1352    i.HAL_GetTick       stm32g0xx_hal.o
    0x08004330   0x08004330   0x0000006c   Code   RO          360    i.HAL_IWDG_Init     stm32g0xx_hal_iwdg.o
    0x0800439c   0x0800439c   0x00000010   Code   RO          361    i.HAL_IWDG_Refresh  stm32g0xx_hal_iwdg.o
    0x080043ac   0x080043ac   0x00000010   Code   RO         1358    i.HAL_IncTick       stm32g0xx_hal.o
    0x080043bc   0x080043bc   0x00000028   Code   RO         1359    i.HAL_Init          stm32g0xx_hal.o
    0x080043e4   0x080043e4   0x00000048   Code   RO         1360    i.HAL_InitTick      stm32g0xx_hal.o
    0x0800442c   0x0800442c   0x0000002c   Code   RO          340    i.HAL_MspInit       stm32g0xx_hal_msp.o
    0x08004458   0x08004458   0x00000018   Code   RO         1236    i.HAL_NVIC_EnableIRQ  stm32g0xx_hal_cortex.o
    0x08004470   0x08004470   0x00000008   Code   RO         1240    i.HAL_NVIC_SetPriority  stm32g0xx_hal_cortex.o
    0x08004478   0x08004478   0x0000004c   Code   RO         1056    i.HAL_PWREx_ControlVoltageScaling  stm32g0xx_hal_pwr_ex.o
    0x080044c4   0x080044c4   0x000001b0   Code   RO          503    i.HAL_RCCEx_PeriphCLKConfig  stm32g0xx_hal_rcc_ex.o
    0x08004674   0x08004674   0x00000158   Code   RO          387    i.HAL_RCC_ClockConfig  stm32g0xx_hal_rcc.o
    0x080047cc   0x080047cc   0x00000028   Code   RO          395    i.HAL_RCC_GetPCLK1Freq  stm32g0xx_hal_rcc.o
    0x080047f4   0x080047f4   0x0000008c   Code   RO          397    i.HAL_RCC_GetSysClockFreq  stm32g0xx_hal_rcc.o
    0x08004880   0x08004880   0x000003e8   Code   RO          401    i.HAL_RCC_OscConfig  stm32g0xx_hal_rcc.o
    0x08004c68   0x08004c68   0x00000030   Code   RO         1244    i.HAL_SYSTICK_Config  stm32g0xx_hal_cortex.o
    0x08004c98   0x08004c98   0x00000002   Code   RO         2347    i.HAL_TIMEx_Break2Callback  stm32g0xx_hal_tim_ex.o
    0x08004c9a   0x08004c9a   0x00000002   Code   RO         2348    i.HAL_TIMEx_BreakCallback  stm32g0xx_hal_tim_ex.o
    0x08004c9c   0x08004c9c   0x00000002   Code   RO         2349    i.HAL_TIMEx_CommutCallback  stm32g0xx_hal_tim_ex.o
    0x08004c9e   0x08004c9e   0x0000004c   Code   RO         1637    i.HAL_TIM_Base_Init  stm32g0xx_hal_tim.o
    0x08004cea   0x08004cea   0x00000002   Code   RO         1639    i.HAL_TIM_Base_MspInit  stm32g0xx_hal_tim.o
    0x08004cec   0x08004cec   0x00000050   Code   RO         1640    i.HAL_TIM_Base_Start  stm32g0xx_hal_tim.o
    0x08004d3c   0x08004d3c   0x00000058   Code   RO         1642    i.HAL_TIM_Base_Start_IT  stm32g0xx_hal_tim.o
    0x08004d94   0x08004d94   0x00000002   Code   RO         1671    i.HAL_TIM_IC_CaptureCallback  stm32g0xx_hal_tim.o
    0x08004d96   0x08004d96   0x00000002   PAD
    0x08004d98   0x08004d98   0x00000184   Code   RO         1685    i.HAL_TIM_IRQHandler  stm32g0xx_hal_tim.o
    0x08004f1c   0x08004f1c   0x00000002   Code   RO         1688    i.HAL_TIM_OC_DelayElapsedCallback  stm32g0xx_hal_tim.o
    0x08004f1e   0x08004f1e   0x00000002   Code   RO         1715    i.HAL_TIM_PWM_PulseFinishedCallback  stm32g0xx_hal_tim.o
    0x08004f20   0x08004f20   0x0000003c   Code   RO         3865    i.HAL_TIM_PeriodElapsedCallback  supertimer.o
    0x08004f5c   0x08004f5c   0x00000002   Code   RO         1728    i.HAL_TIM_TriggerCallback  stm32g0xx_hal_tim.o
    0x08004f5e   0x08004f5e   0x0000003c   Code   RO         3062    i.HAL_UARTEx_DisableFifoMode  stm32g0xx_hal_uart_ex.o
    0x08004f9a   0x08004f9a   0x00000070   Code   RO         3067    i.HAL_UARTEx_ReceiveToIdle_DMA  stm32g0xx_hal_uart_ex.o
    0x0800500a   0x0800500a   0x00000002   PAD
    0x0800500c   0x0800500c   0x00000064   Code   RO         3753    i.HAL_UARTEx_RxEventCallback  superusart.o
    0x08005070   0x08005070   0x00000002   Code   RO         3069    i.HAL_UARTEx_RxFifoFullCallback  stm32g0xx_hal_uart_ex.o
    0x08005072   0x08005072   0x00000048   Code   RO         3070    i.HAL_UARTEx_SetRxFifoThreshold  stm32g0xx_hal_uart_ex.o
    0x080050ba   0x080050ba   0x00000046   Code   RO         3071    i.HAL_UARTEx_SetTxFifoThreshold  stm32g0xx_hal_uart_ex.o
    0x08005100   0x08005100   0x00000002   Code   RO         3073    i.HAL_UARTEx_TxFifoEmptyCallback  stm32g0xx_hal_uart_ex.o
    0x08005102   0x08005102   0x00000002   Code   RO         3074    i.HAL_UARTEx_WakeupCallback  stm32g0xx_hal_uart_ex.o
    0x08005104   0x08005104   0x0000009a   Code   RO         2667    i.HAL_UART_DMAStop  stm32g0xx_hal_uart.o
    0x0800519e   0x0800519e   0x00000002   PAD
    0x080051a0   0x080051a0   0x00000030   Code   RO         3754    i.HAL_UART_ErrorCallback  superusart.o
    0x080051d0   0x080051d0   0x000002e8   Code   RO         2674    i.HAL_UART_IRQHandler  stm32g0xx_hal_uart.o
    0x080054b8   0x080054b8   0x0000006c   Code   RO         2675    i.HAL_UART_Init     stm32g0xx_hal_uart.o
    0x08005524   0x08005524   0x00000002   Code   RO         2677    i.HAL_UART_MspInit  stm32g0xx_hal_uart.o
    0x08005526   0x08005526   0x00000002   Code   RO         2682    i.HAL_UART_RxCpltCallback  stm32g0xx_hal_uart.o
    0x08005528   0x08005528   0x00000002   Code   RO         2683    i.HAL_UART_RxHalfCpltCallback  stm32g0xx_hal_uart.o
    0x0800552a   0x0800552a   0x000000d8   Code   RO         2684    i.HAL_UART_Transmit  stm32g0xx_hal_uart.o
    0x08005602   0x08005602   0x00000002   Code   RO         2687    i.HAL_UART_TxCpltCallback  stm32g0xx_hal_uart.o
    0x08005604   0x08005604   0x00000054   Code   RO         3948    i.HT1621_Init       board_ht1621.o
    0x08005658   0x08005658   0x00000054   Code   RO         3949    i.HT1621_Init2      board_ht1621.o
    0x080056ac   0x080056ac   0x00000130   Code   RO         3950    i.HT1621_WriteCommand  board_ht1621.o
    0x080057dc   0x080057dc   0x00000138   Code   RO         3951    i.HT1621_WriteCommand2  board_ht1621.o
    0x08005914   0x08005914   0x0000014c   Code   RO         3954    i.HT1621_WriteData8Bit  board_ht1621.o
    0x08005a60   0x08005a60   0x00000150   Code   RO         3955    i.HT1621_WriteData8Bit2  board_ht1621.o
    0x08005bb0   0x08005bb0   0x00000002   Code   RO          189    i.HardFault_Handler  stm32g0xx_it.o
    0x08005bb2   0x08005bb2   0x00000002   PAD
    0x08005bb4   0x08005bb4   0x0000002c   Code   RO         3439    i.ID_Code_Display   mangager_lcd.o
    0x08005be0   0x08005be0   0x00000030   Code   RO         4037    i.IWDG_Init         bsp_iwdg.o
    0x08005c10   0x08005c10   0x0000001e   Code   RO         3440    i.Init_Interface    mangager_lcd.o
    0x08005c2e   0x08005c2e   0x00000002   PAD
    0x08005c30   0x08005c30   0x000000b8   Code   RO         3441    i.Input_Power       mangager_lcd.o
    0x08005ce8   0x08005ce8   0x000000b8   Code   RO         3442    i.LightenLCD_Init   mangager_lcd.o
    0x08005da0   0x08005da0   0x00000010   Code   RO         3204    i.Manager_Activate  manager.o
    0x08005db0   0x08005db0   0x00000030   Code   RO         3246    i.Manager_GPIO_Init  manager_gpio.o
    0x08005de0   0x08005de0   0x00000008   Code   RO         3247    i.Manager_GPIO_Mainloop  manager_gpio.o
    0x08005de8   0x08005de8   0x0000003c   Code   RO         3248    i.Manager_GPIO_ledlogie  manager_gpio.o
    0x08005e24   0x08005e24   0x00000048   Code   RO         3205    i.Manager_Init      manager.o
    0x08005e6c   0x08005e6c   0x00000014   Code   RO         3443    i.Manager_LCD_Init  mangager_lcd.o
    0x08005e80   0x08005e80   0x00000008   Code   RO         3444    i.Manager_LCD_Mainloop  mangager_lcd.o
    0x08005e88   0x08005e88   0x00000014   Code   RO         3206    i.Manager_Mainloop  manager.o
    0x08005e9c   0x08005e9c   0x00000002   Code   RO         3598    i.Manager_Sharing_Activate  manager_sharing.o
    0x08005e9e   0x08005e9e   0x00000002   PAD
    0x08005ea0   0x08005ea0   0x00000010   Code   RO         3599    i.Manager_Sharing_Init  manager_sharing.o
    0x08005eb0   0x08005eb0   0x00000008   Code   RO         3600    i.Manager_Sharing_Mainloop  manager_sharing.o
    0x08005eb8   0x08005eb8   0x00000024   Code   RO         3370    i.Manager_Timer_Activate  manager_timer.o
    0x08005edc   0x08005edc   0x00000008   Code   RO         3371    i.Manager_Timer_Init  manager_timer.o
    0x08005ee4   0x08005ee4   0x00000002   Code   RO         3286    i.Manager_Usart_Activate  manager_usart.o
    0x08005ee6   0x08005ee6   0x00000018   Code   RO         3287    i.Manager_Usart_Init  manager_usart.o
    0x08005efe   0x08005efe   0x00000002   PAD
    0x08005f00   0x08005f00   0x000000e4   Code   RO         3288    i.Manager_Usart_Mainloop  manager_usart.o
    0x08005fe4   0x08005fe4   0x0000037c   Code   RO         3445    i.MarBrControl_1    mangager_lcd.o
    0x08006360   0x08006360   0x00000398   Code   RO         3446    i.MarBrControl_2    mangager_lcd.o
    0x080066f8   0x080066f8   0x00000002   Code   RO          190    i.NMI_Handler       stm32g0xx_it.o
    0x080066fa   0x080066fa   0x00000014   Code   RO         3447    i.NoFault_Display   mangager_lcd.o
    0x0800670e   0x0800670e   0x00000002   PAD
    0x08006710   0x08006710   0x000000b8   Code   RO         3448    i.Output_Power      mangager_lcd.o
    0x080067c8   0x080067c8   0x00000038   Code   RO         3289    i.Pack_DealGetData1_Format  manager_usart.o
    0x08006800   0x08006800   0x00000078   Code   RO         3290    i.Pack_DealGetData2_Format  manager_usart.o
    0x08006878   0x08006878   0x00000044   Code   RO         3291    i.Pack_DealGetData3_Format  manager_usart.o
    0x080068bc   0x080068bc   0x00000034   Code   RO         3292    i.Pack_DealSendData1_Format  manager_usart.o
    0x080068f0   0x080068f0   0x00000028   Code   RO         3293    i.Pack_DealSendData2_Format  manager_usart.o
    0x08006918   0x08006918   0x0000002c   Code   RO         3294    i.Pack_DealSendData3_Format  manager_usart.o
    0x08006944   0x08006944   0x00000002   Code   RO          191    i.PendSV_Handler    stm32g0xx_it.o
    0x08006946   0x08006946   0x00000010   Code   RO         3601    i.Read_WordManage   manager_sharing.o
    0x08006956   0x08006956   0x00000002   Code   RO          192    i.SVC_Handler       stm32g0xx_it.o
    0x08006958   0x08006958   0x0000000c   Code   RO         3690    i.SuperGpio_Init    supergpio.o
    0x08006964   0x08006964   0x00000040   Code   RO         3692    i.SuperGpio_WriteOutput  supergpio.o
    0x080069a4   0x080069a4   0x00000008   Code   RO          193    i.SysTick_Handler   stm32g0xx_it.o
    0x080069ac   0x080069ac   0x00000076   Code   RO           13    i.SystemClock_Config  main.o
    0x08006a22   0x08006a22   0x00000002   Code   RO         3171    i.SystemInit        system_stm32g0xx.o
    0x08006a24   0x08006a24   0x00000010   Code   RO         3866    i.TIM14_IRQHandler  supertimer.o
    0x08006a34   0x08006a34   0x00000060   Code   RO         3867    i.TIM14_Init        supertimer.o
    0x08006a94   0x08006a94   0x00000010   Code   RO         3868    i.TIM16_IRQHandler  supertimer.o
    0x08006aa4   0x08006aa4   0x00000058   Code   RO         3869    i.TIM16_Init        supertimer.o
    0x08006afc   0x08006afc   0x00000010   Code   RO         3870    i.TIM17_IRQHandler  supertimer.o
    0x08006b0c   0x08006b0c   0x0000005c   Code   RO         3871    i.TIM17_Init        supertimer.o
    0x08006b68   0x08006b68   0x00000084   Code   RO         1730    i.TIM_Base_SetConfig  stm32g0xx_hal_tim.o
    0x08006bec   0x08006bec   0x00000034   Code   RO         3372    i.Timer_100us_CallBack  manager_timer.o
    0x08006c20   0x08006c20   0x0000007c   Code   RO         3373    i.Timer_Send_Callback  manager_timer.o
    0x08006c9c   0x08006c9c   0x00000058   Code   RO         3374    i.Timer_free_Callback  manager_timer.o
    0x08006cf4   0x08006cf4   0x000001b8   Code   RO         3755    i.UART1_init        superusart.o
    0x08006eac   0x08006eac   0x00000170   Code   RO         3756    i.UART2_init        superusart.o
    0x0800701c   0x0800701c   0x00000044   Code   RO         3075    i.UARTEx_SetNbDataToProcess  stm32g0xx_hal_uart_ex.o
    0x08007060   0x08007060   0x000000ca   Code   RO         2689    i.UART_AdvFeatureConfig  stm32g0xx_hal_uart.o
    0x0800712a   0x0800712a   0x00000002   PAD
    0x0800712c   0x0800712c   0x00000064   Code   RO         2690    i.UART_CheckIdleState  stm32g0xx_hal_uart.o
    0x08007190   0x08007190   0x00000014   Code   RO         2691    i.UART_DMAAbortOnError  stm32g0xx_hal_uart.o
    0x080071a4   0x080071a4   0x0000004e   Code   RO         2692    i.UART_DMAError     stm32g0xx_hal_uart.o
    0x080071f2   0x080071f2   0x00000098   Code   RO         2693    i.UART_DMAReceiveCplt  stm32g0xx_hal_uart.o
    0x0800728a   0x0800728a   0x0000001c   Code   RO         2695    i.UART_DMARxHalfCplt  stm32g0xx_hal_uart.o
    0x080072a6   0x080072a6   0x00000002   PAD
    0x080072a8   0x080072a8   0x00000074   Code   RO         3757    i.UART_DMA_Rx_Cfg   superusart.o
    0x0800731c   0x0800731c   0x00000064   Code   RO         2701    i.UART_EndRxTransfer  stm32g0xx_hal_uart.o
    0x08007380   0x08007380   0x0000003c   Code   RO         2702    i.UART_EndTxTransfer  stm32g0xx_hal_uart.o
    0x080073bc   0x080073bc   0x0000020c   Code   RO         2707    i.UART_SetConfig    stm32g0xx_hal_uart.o
    0x080075c8   0x080075c8   0x000000b0   Code   RO         2708    i.UART_Start_Receive_DMA  stm32g0xx_hal_uart.o
    0x08007678   0x08007678   0x000000d2   Code   RO         2714    i.UART_WaitOnFlagUntilTimeout  stm32g0xx_hal_uart.o
    0x0800774a   0x0800774a   0x00000002   PAD
    0x0800774c   0x0800774c   0x00000010   Code   RO         3758    i.USART1_IRQHandler  superusart.o
    0x0800775c   0x0800775c   0x00000010   Code   RO         3759    i.USART2_IRQHandler  superusart.o
    0x0800776c   0x0800776c   0x00000014   Code   RO         4105    i.__0printf$bare    mc_p.l(printfb.o)
    0x08007780   0x08007780   0x00000044   Code   RO         1246    i.__NVIC_SetPriority  stm32g0xx_hal_cortex.o
    0x080077c4   0x080077c4   0x0000000e   Code   RO         4404    i.__scatterload_copy  mc_p.l(handlers.o)
    0x080077d2   0x080077d2   0x00000002   Code   RO         4405    i.__scatterload_null  mc_p.l(handlers.o)
    0x080077d4   0x080077d4   0x0000000e   Code   RO         4406    i.__scatterload_zeroinit  mc_p.l(handlers.o)
    0x080077e2   0x080077e2   0x0000001e   Code   RO         4112    i._printf_core      mc_p.l(printfb.o)
    0x08007800   0x08007800   0x0000001a   Code   RO         3958    i.delay_time        board_ht1621.o
    0x0800781a   0x0800781a   0x00000002   PAD
    0x0800781c   0x0800781c   0x00000018   Code   RO         3760    i.fputc             superusart.o
    0x08007834   0x08007834   0x000000a4   Code   RO         3959    i.gpioConfig        board_ht1621.o
    0x080078d8   0x080078d8   0x00000016   Code   RO           14    i.main              main.o
    0x080078ee   0x080078ee   0x00000002   PAD
    0x080078f0   0x080078f0   0x0000004c   Code   RO         3693    i.sg_Gpio_CLK_ENABLE  supergpio.o
    0x0800793c   0x0800793c   0x00000048   Code   RO         3694    i.sg_Input_Init     supergpio.o
    0x08007984   0x08007984   0x00000058   Code   RO         3695    i.sg_Output_Init    supergpio.o
    0x080079dc   0x080079dc   0x00000030   Code   RO         4068    i.usMBCRC16         crc.o
    0x08007a0c   0x08007a0c   0x00000018   Data   RO         2715    .constdata          stm32g0xx_hal_uart.o
    0x08007a24   0x08007a24   0x00000010   Data   RO         3076    .constdata          stm32g0xx_hal_uart_ex.o
    0x08007a34   0x08007a34   0x00000040   Data   RO         3172    .constdata          system_stm32g0xx.o
    0x08007a74   0x08007a74   0x00000020   Data   RO         3173    .constdata          system_stm32g0xx.o
    0x08007a94   0x08007a94   0x00000200   Data   RO         4069    .constdata          crc.o
    0x08007c94   0x08007c94   0x00000020   Data   RO         4402    Region$$Table       anon$$obj.o


    Execution Region RW_IRAM1 (Exec base: 0x20000000, Load base: 0x08007cb4, Size: 0x00001268, Max: 0x00002000, ABSOLUTE)

    Exec Addr    Load Addr    Size         Type   Attr      Idx    E Section Name        Object

    0x20000000   0x08007cb4   0x0000000c   Data   RW         1377    .data               stm32g0xx_hal.o
    0x2000000c   0x08007cc0   0x00000004   Data   RW         3174    .data               system_stm32g0xx.o
    0x20000010   0x08007cc4   0x00000008   Data   RW         3249    .data               manager_gpio.o
    0x20000018   0x08007ccc   0x00000017   Data   RW         3296    .data               manager_usart.o
    0x2000002f   0x08007ce3   0x00000001   Data   RW         3297    .data               manager_usart.o
    0x20000030   0x08007ce4   0x00000022   Data   RW         3375    .data               manager_timer.o
    0x20000052   0x08007d06   0x00000062   Data   RW         3449    .data               mangager_lcd.o
    0x200000b4   0x08007d68   0x0000003c   Data   RW         3696    .data               supergpio.o
    0x200000f0   0x08007da4   0x0000000c   Data   RW         3873    .data               supertimer.o
    0x200000fc   0x08007db0   0x00000004   Data   RW         4378    .data               mc_p.l(stdout.o)
    0x20000100        -       0x0000011e   Zero   RW         3295    .bss                manager_usart.o
    0x2000021e        -       0x00000098   Zero   RW         3603    .bss                manager_sharing.o
    0x200002b6   0x08007db4   0x00000002   PAD
    0x200002b8        -       0x00000ab8   Zero   RW         3761    .bss                superusart.o
    0x20000d70        -       0x000000e4   Zero   RW         3872    .bss                supertimer.o
    0x20000e54        -       0x00000010   Zero   RW         4038    .bss                bsp_iwdg.o
    0x20000e64   0x08007db4   0x00000004   PAD
    0x20000e68        -       0x00000400   Zero   RW            1    STACK               startup_stm32g031xx.o


==============================================================================

Image component sizes


      Code (inc. data)   RO Data    RW Data    ZI Data      Debug   Object Name

      1642         22          0          0          0       5574   board_ht1621.o
        64         20          0          0         16       1206   bsp_iwdg.o
        48          6        512          0          0       1220   crc.o
       144          0          0          0          0      56628   main.o
       108         36          0          0          0       1341   manager.o
       116          4          0          8          0       1733   manager_gpio.o
       228         22          0          0        152       8428   manager_sharing.o
       308         42          0         34          0       3577   manager_timer.o
       818         70          0         24        286       7547   manager_usart.o
     17026        266          0         98          0      32535   mangager_lcd.o
        28          8        192          0       1024        624   startup_stm32g031xx.o
       176         26          0         12          0      17749   stm32g0xx_hal.o
       148         24          0          0          0      12097   stm32g0xx_hal_cortex.o
       892         42          0          0          0       6793   stm32g0xx_hal_dma.o
         0          0          0          0          0       2716   stm32g0xx_hal_flash.o
       360         18          0          0          0       1948   stm32g0xx_hal_gpio.o
       124         20          0          0          0       1851   stm32g0xx_hal_iwdg.o
        44          6          0          0          0        830   stm32g0xx_hal_msp.o
        76         14          0          0          0        742   stm32g0xx_hal_pwr_ex.o
      1524         88          0          0          0      22929   stm32g0xx_hal_rcc.o
       432         12          0          0          0       1692   stm32g0xx_hal_rcc_ex.o
       774         54          0          0          0       7609   stm32g0xx_hal_tim.o
         6          0          0          0          0       2132   stm32g0xx_hal_tim_ex.o
      2880         82         24          0          0      39113   stm32g0xx_hal_uart.o
       388          6         16          0          0       6289   stm32g0xx_hal_uart_ex.o
        16          0          0          0          0     419296   stm32g0xx_it.o
       312         26          0         60          0       4211   supergpio.o
       456         90          0         12        228       7205   supertimer.o
      1466        182          0          0       2744      11655   superusart.o
         2          0         96          4          0       1111   system_stm32g0xx.o

    ----------------------------------------------------------------------
     30636       1186        872        252       4456     688381   Object Totals
         0          0         32          0          0          0   (incl. Generated)
        30          0          0          0          6          0   (incl. Padding)

    ----------------------------------------------------------------------

      Code (inc. data)   RO Data    RW Data    ZI Data      Debug   Library Member Name

         0          0          0          0          0          0   entry.o
         0          0          0          0          0          0   entry10a.o
         0          0          0          0          0          0   entry11a.o
         8          4          0          0          0          0   entry2.o
         4          0          0          0          0          0   entry5.o
         0          0          0          0          0          0   entry7b.o
         0          0          0          0          0          0   entry8b.o
         8          4          0          0          0          0   entry9a.o
        30          0          0          0          0          0   handlers.o
        36          8          0          0          0         68   init.o
        32          0          0          0          0         68   llshl.o
        34          0          0          0          0         68   llushr.o
        36          0          0          0          0         60   memcpya.o
        36          0          0          0          0        100   memseta.o
        50          8          0          0          0        144   printfb.o
         0          0          0          4          0          0   stdout.o
        44          0          0          0          0         72   uidiv.o
        96          0          0          0          0         84   uldiv.o

    ----------------------------------------------------------------------
       416         24          0          4          0        664   Library Totals
         2          0          0          0          0          0   (incl. Padding)

    ----------------------------------------------------------------------

      Code (inc. data)   RO Data    RW Data    ZI Data      Debug   Library Name

       414         24          0          4          0        664   mc_p.l

    ----------------------------------------------------------------------
       416         24          0          4          0        664   Library Totals

    ----------------------------------------------------------------------

==============================================================================


      Code (inc. data)   RO Data    RW Data    ZI Data      Debug   

     31052       1210        872        256       4456     681409   Grand Totals
     31052       1210        872        256       4456     681409   ELF Image Totals
     31052       1210        872        256          0          0   ROM Totals

==============================================================================

    Total RO  Size (Code + RO Data)                31924 (  31.18kB)
    Total RW  Size (RW Data + ZI Data)              4712 (   4.60kB)
    Total ROM Size (Code + RO Data + RW Data)      32180 (  31.43kB)

==============================================================================

